

U-Boot 2024.01-g1ed8f8bde33e-ab12091206 (Jul 10 2024 - 23:47:38 +0000)

DRAM:  4 GiB
Core:  8 devices, 8 uclasses, devicetree: separate
Net:         eth_initialize() No ethernet found.
Driver                    uid uclass               Devices
----------------------------------------------------------
blk_partition             083 partition            virtio-blk#22:1          
                                                   virtio-blk#22:2          
                                                   virtio-blk#22:3          
                                                   virtio-blk#22:4          
                                                   virtio-blk#22:5          
                                                   virtio-blk#22:6          
                                                   virtio-blk#22:7          
                                                   virtio-blk#22:8          
                                                   virtio-blk#22:9          
                                                   virtio-blk#22:10         
                                                   virtio-blk#22:11         
                                                   virtio-blk#22:12         
                                                   virtio-blk#22:13         
                                                   virtio-blk#22:14         
                                                   virtio-blk#22:15         
                                                   virtio-blk#22:16         
                                                   virtio-blk#22:17         
                                                   virtio-blk#22:18         
                                                   virtio-blk#23:1          
                                                   virtio-blk#23:2          
                                                   virtio-blk#23:3          
                                                   virtio-blk#23:4          
                                                   virtio-blk#24:1          
bootmeth_qfw              026 <no uclass>          
cpu_bus                   109 <no uclass>          
cpu_qemu                  031 <no uclass>          
cpu_x86                   031 <no uclass>          
efi_blk                   022 blk                  <none>
EFI block driver          038 efi                  <none>
syscon                    117 syscon               <none>
intel_irq                 061 irq                  <none>
motorola_mc146818         104 rtc                  rtc                      
ns16550_serial            108 serial               serial                   
pci_bridge_drv            085 pci                  pci_0:1.6                
pci_generic_drv           087 pci_generic          pci_0:0.0                
                                                   pci_0:1.5                
pci_x86                   085 pci                  pci                      
qfw_bootdev               025 <no uclass>          
qfw_pio                   096 qfw                  qfw_pio                  
root_driver               000 root                 root_driver              
sysinfo_smbios            118 sysinfo              smbios                   
vidconsole0               131 vidconsole0          <none>
virtio-blk                022 blk                  virtio-blk#22            
                                                   virtio-blk#23            
                                                   virtio-blk#24            
virtio_bootdev            025 <no uclass>          
virtio-console            108 serial               virtio-console#6         
                                                   virtio-console#7         
                                                   virtio-console#8         
                                                   virtio-console#9         
                                                   virtio-console#10        
                                                   virtio-console#11        
                                                   virtio-console#12        
                                                   virtio-console#13        
                                                   virtio-console#14        
                                                   virtio-console#15        
                                                   virtio-console#16        
                                                   virtio-console#17        
                                                   virtio-console#18        
                                                   virtio-console#19        
                                                   virtio-console#20        
                                                   virtio-console#21        
virtio-console-port       108 serial               <none>
virtio-net                040 ethernet             virtio-net#1             
                                                   virtio-net#2             
virtio-pci.m              133 virtio               virtio-pci.m#0           
                                                   virtio-pci.m#1           
                                                   virtio-pci.m#2           
                                                   virtio-pci.m#3           
                                                   virtio-pci.m#4           
                                                   virtio-pci.m#5           
                                                   virtio-pci.m#6           
                                                   virtio-pci.m#7           
                                                   virtio-pci.m#8           
                                                   virtio-pci.m#9           
                                                   virtio-pci.m#10          
                                                   virtio-pci.m#11          
                                                   virtio-pci.m#12          
                                                   virtio-pci.m#13          
                                                   virtio-pci.m#14          
                                                   virtio-pci.m#15          
                                                   virtio-pci.m#16          
                                                   virtio-pci.m#17          
                                                   virtio-pci.m#18          
                                                   virtio-pci.m#19          
                                                   virtio-pci.m#20          
                                                   virtio-pci.m#21          
                                                   virtio-pci.m#22          
                                                   virtio-pci.m#23          
                                                   virtio-pci.m#24          
                                                   virtio-pci.m#25          
                                                   virtio-pci.m#26          
                                                   virtio-pci.m#27          
                                                   virtio-pci.m#28          
                                                   virtio-pci.m#29          
                                                   virtio-pci.m#30          
                                                   virtio-pci.m#31          
                                                   virtio-pci.m#32          
                                                   virtio-pci.m#33          
                                                   virtio-pci.m#34          
x86_reset                 119 sysreset             reset                    
x86_tsc_timer             122 timer                tsc-timer                
## Android Verified Boot 2.0 version 1.1.0
Writing 8 bytes to virtio-console#16 console
Reading 8 bytes from virtio-console#16 console
read_rollback_index not supported yet
read_rollback_index not supported yet
read_rollback_index not supported yet
Writing 8 bytes to virtio-console#16 console
Reading 8 bytes from virtio-console#16 console
Verification passed successfully
Imported supplementary environment
ANDROID: reboot reason: "(none)"
      ab_select_slot() ANDROID: Invalid CRC-32 (expected 807077e9, found 00000000),re-initializing A/B metadata.
      ab_select_slot() ANDROID: Attempting slot a, tries remaining 3
## Android Verified Boot 2.0 version 1.1.0
Writing 8 bytes to virtio-console#16 console
Reading 8 bytes from virtio-console#16 console
read_rollback_index not supported yet
read_rollback_index not supported yet
read_rollback_index not supported yet
read_rollback_index not supported yet
read_rollback_index not supported yet
read_rollback_index not supported yet
Writing 8 bytes to virtio-console#16 console
Reading 8 bytes from virtio-console#16 console
Verification passed successfully
## Android Verified Boot 2.0 version 1.1.0
Writing 8 bytes to virtio-console#16 console
Reading 8 bytes from virtio-console#16 console
read_rollback_index not supported yet
read_rollback_index not supported yet
read_rollback_index not supported yet
Writing 8 bytes to virtio-console#16 console
Reading 8 bytes from virtio-console#16 console
Verification passed successfully
ANDROID: Loading ramdisk from "init_boot_a", partition 4.
ANDROID: Loading kernel from "boot_a", partition 2.
ANDROID: Loading vendor ramdisk from "vendor_boot_a", partition 6.
Booting kernel at 0x02400000 with fdt at <NULL> ramdisk 0x0e400000 (0x0143a96d bytes)...


Valid Boot Flag
Magic signature found
Linux kernel version 6.6.30-android15-8-g94c1a24cabd5-ab12293704 (kleaf@build-host) #1 SMP PREEMPT Thu Aug 29 05:01:15 UTC 2024
Building boot_params at 0x00090000
Loading bzImage at address 100000 (20169728 bytes)
Initial RAM disk at linear address 0x0e400000, size 21211501 bytes
Kernel command line: " printk.devkmsg=on audit=1 panic=-1 8250.nr_uarts=1 cma=0 firmware_class.path=/vendor/etc/ loop.max_part=7 init=/init bootconfig panic=-1 console=hvc0 earlycon=uart8250,io,0x3f8 ramoops.mem_address=0x138000000 ramoops.mem_size=0x200000"
Kernel loaded at 00100000, setup_base=00090000

Starting kernel ...

[    0.000000] Linux version 6.6.30-android15-8-g94c1a24cabd5-ab12293704 (kleaf@build-host) (Android (11368308, +pgo, +bolt, +lto, +mlgo, based on r510928) clang version 18.0.0 (https://android.googlesource.com/toolchain/llvm-project 477610d4d0d988e69dbc3fae4fe86bff3f07f2b5), LLD 18.0.0) #1 SMP PREEMPT Thu Aug 29 05:01:15 UTC 2024
[    0.000000] Command line:  printk.devkmsg=on audit=1 panic=-1 8250.nr_uarts=1 cma=0 firmware_class.path=/vendor/etc/ loop.max_part=7 init=/init bootconfig panic=-1 console=hvc0 earlycon=uart8250,io,0x3f8 ramoops.mem_address=0x138000000 ramoops.mem_size=0x200000
[    0.000000] BIOS-provided physical RAM map:
[    0.000000] BIOS-e820: [mem 0x0000000000000000-0x000000000009ffff] usable
[    0.000000] BIOS-e820: [mem 0x00000000000a0000-0x00000000000fffff] reserved
[    0.000000] BIOS-e820: [mem 0x0000000000100000-0x00000000ced8cfff] usable
[    0.000000] BIOS-e820: [mem 0x00000000ced8d000-0x00000000cfffffff] reserved
[    0.000000] BIOS-e820: [mem 0x00000000e0000000-0x00000000efffffff] reserved
[    0.000000] BIOS-e820: [mem 0x0000000100000000-0x000000012fffffff] usable
[    0.000000] stackdepot: disabled
[    0.000000] earlycon: uart8250 at I/O port 0x3f8 (options '')
[    0.000000] printk: bootconsole [uart8250] enabled
[    0.000000] NX (Execute Disable) protection: active
[    0.000000] APIC: Static calls initialized
[    0.000000] SMBIOS 3.0 present.
[    0.000000] DMI: emulation qemu-x86/qemu-x86, BIOS 2024.01-g1ed8f8bde33e-ab12091206 01/01/2024
[    0.000000] Hypervisor detected: KVM
[    0.000000] kvm-clock: Using msrs 4b564d01 and 4b564d00
[    0.000002] kvm-clock: using sched offset of 13794432986 cycles
[    0.001927] clocksource: kvm-clock: mask: 0xffffffffffffffff max_cycles: 0x1cd42e4dffb, max_idle_ns: 881590591483 ns
[    0.009037] tsc: Detected 2396.532 MHz processor
[    0.011335] last_pfn = 0x130000 max_arch_pfn = 0x400000000
[    0.013765] MTRR map: 3 entries (3 fixed + 0 variable; max 19), built from 8 variable MTRRs
[    0.017295] x86/PAT: Configuration [0-7]: WB  WC  UC- UC  WB  WP  UC- WT  
[    0.020729] CPU MTRRs all blank - virtualized system.
[    0.022668] last_pfn = 0xced8d max_arch_pfn = 0x400000000
[    0.025059] found SMP MP-table at [mem 0x0009fc00-0x0009fc0f]
[    0.027598] Using GB pages for direct mapping
[    0.029713] RAMDISK: [mem 0x0e400000-0x0f83afff]
[    0.031679] ACPI: Early table checksum verification disabled
[    0.034442] ACPI: RSDP 0x00000000000E0000 000024 (v02 CROSVM)
[    0.037302] ACPI: XSDT 0x00000000000E0B80 00003C (v01 CROSVM CROSVMDT 00000001 CROS 00000000)
[    0.041485] ACPI: FACP 0x00000000000E0940 000114 (v06 CROSVM CROSVMDT 00000001 CROS 00000000)
[    0.045086] ACPI: DSDT 0x00000000000E0080 0008B9 (v06 CROSVM CROSVMDT 00000001 CROS 00000000)
[    0.048612] ACPI: FACS 0x00000000000E0040 000040
[    0.050459] ACPI: APIC 0x00000000000E0A80 000070 (v05 CROSVM CROSVMDT 00000001 CROS 00000000)
[    0.053895] ACPI: MCFG 0x00000000000E0B00 00003C (v01 CROSVM CROSVMDT 00000001 CROS 00000000)
[    0.057091] ACPI: Reserving FACP table memory at [mem 0xe0940-0xe0a53]
[    0.059637] ACPI: Reserving DSDT table memory at [mem 0xe0080-0xe0938]
[    0.062434] ACPI: Reserving FACS table memory at [mem 0xe0040-0xe007f]
[    0.065158] ACPI: Reserving APIC table memory at [mem 0xe0a80-0xe0aef]
[    0.067829] ACPI: Reserving MCFG table memory at [mem 0xe0b00-0xe0b3b]
[    0.070468] Zone ranges:
[    0.071452]   DMA32    [mem 0x0000000000001000-0x00000000ffffffff]
[    0.073711]   Normal   [mem 0x0000000100000000-0x000000012fffffff]
[    0.076354] Movable zone start for each node
[    0.078197] NoSplit zone start for each node
[    0.080044] NoMerge zone start for each node
[    0.081888] Early memory node ranges
[    0.083430]   node   0: [mem 0x0000000000001000-0x000000000009ffff]
[    0.086180]   node   0: [mem 0x0000000000100000-0x00000000ced8cfff]
[    0.088961]   node   0: [mem 0x0000000100000000-0x000000012fffffff]
[    0.091707] Initmem setup node 0 [mem 0x0000000000001000-0x000000012fffffff]
[    0.094797] On node 0, zone DMA32: 1 pages in unavailable ranges
[    0.142858] On node 0, zone DMA32: 96 pages in unavailable ranges
[    0.156586] On node 0, zone Normal: 4723 pages in unavailable ranges
[    0.163972] IOAPIC[0]: apic_id 0, version 17, address 0xfec00000, GSI 0-23
[    0.169738] ACPI: INT_SRC_OVR (bus 0 bus_irq 9 global_irq 9 low level)
[    0.173122] ACPI: INT_SRC_OVR (bus 0 bus_irq 10 global_irq 10 low level)
[    0.175865] ACPI: INT_SRC_OVR (bus 0 bus_irq 11 global_irq 11 low level)
[    0.178315] ACPI: INT_SRC_OVR (bus 0 bus_irq 12 global_irq 12 low level)
[    0.181001] ACPI: Using ACPI (MADT) for SMP configuration information
[    0.184174] TSC deadline timer available
[    0.185945] smpboot: Allowing 2 CPUs, 0 hotplug CPUs
[    0.188271] kvm-guest: APIC: eoi() replaced with kvm_guest_apic_eoi_write()
[    0.190908] kvm-guest: KVM setup pv remote TLB flush
[    0.192744] kvm-guest: setup PV sched yield
[    0.194302] [mem 0xd0000000-0xdfffffff] available for PCI devices
[    0.196546] Booting paravirtualized kernel on KVM
[    0.198272] clocksource: refined-jiffies: mask: 0xffffffff max_cycles: 0xffffffff, max_idle_ns: 7645519600211568 ns
[    0.203080] Load bootconfig: 2168 bytes 115 nodes
[    0.205415] setup_percpu: NR_CPUS:32 nr_cpumask_bits:2 nr_cpu_ids:2 nr_node_ids:1
[    0.211291] percpu: Embedded 56 pages/cpu s192360 r8192 d28824 u1048576
[    0.213864] Kernel command line: vmw_vsock_virtio_transport_common.virtio_transport_max_vsock_pkt_buf_size="16384" console=ttynull stack_depot_disable=on cgroup_disable=pressure bootconfig  printk.devkmsg=on audit=1 panic=-1 8250.nr_uarts=1 cma=0 firmware_class.path=/vendor/etc/ loop.max_part=7 init=/init bootconfig panic=-1 console=hvc0 earlycon=uart8250,io,0x3f8 ramoops.mem_address=0x138000000 ramoops.mem_size=0x200000
[    0.230451] cgroup: Disabling pressure control group feature
[    0.232979] audit: enabled (after initialization)
[    0.235169] random: crng init done
[    0.240644] Dentry cache hash table entries: 524288 (order: 10, 4194304 bytes, linear)
[    0.246752] Inode-cache hash table entries: 262144 (order: 9, 2097152 bytes, linear)
[    0.250119] Built 1 zonelists, mobility grouping on.  Total pages: 1027288
[    0.254116] mem auto-init: stack:all(zero), heap alloc:on, heap free:off
[    0.256892] software IO TLB: area num 2.
[    0.350652] Memory: 3973232K/4175024K available (20480K kernel code, 2106K rwdata, 13700K rodata, 2932K init, 908K bss, 201532K reserved, 0K cma-reserved)
[    0.357066] SLUB: HWalign=64, Order=0-3, MinObjects=0, CPUs=2, Nodes=1
[    0.360056] Kernel/User page tables isolation: enabled
[    0.363067] rcu: Preemptible hierarchical RCU implementation.
[    0.365609] rcu: 	RCU event tracing is enabled.
[    0.367598] rcu: 	RCU restricting CPUs from NR_CPUS=32 to nr_cpu_ids=2.
[    0.370533] rcu: 	RCU priority boosting: priority 1 delay 500 ms.
[    0.373285] 	Trampoline variant of Tasks RCU enabled.
[    0.375463] 	Tracing variant of Tasks RCU enabled.
[    0.377552] rcu: RCU calculated value of scheduler-enlistment delay is 25 jiffies.
[    0.381609] rcu: Adjusting geometry for rcu_fanout_leaf=16, nr_cpu_ids=2
[    0.386789] NR_IRQS: 4352, nr_irqs: 440, preallocated irqs: 16
[    0.389450] rcu: srcu_init: Setting srcu_struct sizes based on contention.
[    0.392576] kfence: initialized - using 524288 bytes for 63 objects at 0x(____ptrval____)-0x(____ptrval____)
[    0.396501] ACPI: Core revision 20230628
[    0.398390] APIC: Switch to symmetric I/O mode setup
[    0.400702] x2apic enabled
[    0.402268] APIC: Switched APIC routing to: physical x2apic
[    0.404716] kvm-guest: APIC: send_IPI_mask() replaced with kvm_send_ipi_mask()
[    0.408044] kvm-guest: APIC: send_IPI_mask_allbutself() replaced with kvm_send_ipi_mask_allbutself()
[    0.411857] kvm-guest: setup PV IPIs
[    0.415342] clocksource: tsc-early: mask: 0xffffffffffffffff max_cycles: 0x228b6b4624b, max_idle_ns: 440795269686 ns
[    0.420135] Calibrating delay loop (skipped) preset value.. 4793.06 BogoMIPS (lpj=9586128)
[    0.423980] x86/cpu: User Mode Instruction Prevention (UMIP) activated
[    0.424127] Last level iTLB entries: 4KB 64, 2MB 8, 4MB 8
[    0.424127] Last level dTLB entries: 4KB 64, 2MB 0, 4MB 0, 1GB 4
[    0.424127] Spectre V1 : Mitigation: usercopy/swapgs barriers and __user pointer sanitization
[    0.424127] Spectre V2 : Mitigation: Retpolines
[    0.424127] Spectre V2 : Spectre v2 / SpectreRSB mitigation: Filling RSB on context switch
[    0.424127] Spectre V2 : Spectre v2 / SpectreRSB : Filling RSB on VMEXIT
[    0.424127] Spectre V2 : Enabling Restricted Speculation for firmware calls
[    0.424127] Spectre V2 : mitigation: Enabling conditional Indirect Branch Prediction Barrier
[    0.424127] Speculative Store Bypass: Mitigation: Speculative Store Bypass disabled via prctl
[    0.424127] MDS: Mitigation: Clear CPU buffers
[    0.424127] MMIO Stale Data: Unknown: No mitigations
[    0.424127] SRBDS: Unknown: Dependent on hypervisor status
[    0.424127] x86/fpu: Supporting XSAVE feature 0x001: 'x87 floating point registers'
[    0.424127] x86/fpu: Supporting XSAVE feature 0x002: 'SSE registers'
[    0.424127] x86/fpu: Supporting XSAVE feature 0x004: 'AVX registers'
[    0.424127] x86/fpu: xstate_offset[2]:  576, xstate_sizes[2]:  256
[    0.424127] x86/fpu: Enabled xstate features 0x7, context size is 832 bytes, using 'standard' format.
[    0.424127] SMP alternatives: Using kCFI
[    0.424127] Freeing SMP alternatives memory: 52K
[    0.424127] pid_max: default: 32768 minimum: 301
[    0.424127] LSM: initializing lsm=capability,selinux,bpf,integrity
[    0.424127] SELinux:  Initializing.
[    0.424127] LSM support for eBPF active
[    0.424127] Mount-cache hash table entries: 8192 (order: 4, 65536 bytes, linear)
[    0.424127] Mountpoint-cache hash table entries: 8192 (order: 4, 65536 bytes, linear)
[    0.424127] smpboot: CPU0: Intel(R) Core(TM) i7-5500U CPU @ 2.40GHz (family: 0x6, model: 0x3d, stepping: 0x4)
[    0.424557] RCU Tasks: Setting shift to 1 and lim to 1 rcu_task_cb_adjust=1.
[    0.427836] RCU Tasks Trace: Setting shift to 1 and lim to 1 rcu_task_cb_adjust=1.
[    0.428231] Performance Events: Broadwell events, 16-deep LBR, full-width counters, Intel PMU driver.
[    0.436145] ... version:                2
[    0.438067] ... bit width:              48
[    0.440054] ... generic registers:      4
[    0.440137] ... value mask:             0000ffffffffffff
[    0.442726] ... max period:             00007fffffffffff
[    0.444135] ... fixed-purpose events:   3
[    0.446016] ... event mask:             000000070000000f
[    0.448334] signal: max sigframe size: 1776
[    0.450383] rcu: Hierarchical SRCU implementation.
[    0.452134] rcu: 	Max phase no-delay instances is 1000.
[    0.455166] dyndbg: Ignore empty _ddebug table in a CONFIG_DYNAMIC_DEBUG_CORE build
[    0.456448] smp: Bringing up secondary CPUs ...
[    0.459637] smpboot: x86: Booting SMP configuration:
[    0.460162] .... node  #0, CPUs:      #1
[    0.031642] smpboot: CPU 1 Converting physical 0 to logical die 1
[    0.464172] smp: Brought up 1 node, 2 CPUs
[    0.470255] smpboot: Max logical packages: 2
[    0.472138] smpboot: Total of 2 processors activated (9586.12 BogoMIPS)
[    0.476442] x86/mm: Memory block size: 128MB
[    0.480379] clocksource: jiffies: mask: 0xffffffff max_cycles: 0xffffffff, max_idle_ns: 7645041785100000 ns
[    0.484196] futex hash table entries: 512 (order: 3, 32768 bytes, linear)
[    0.491569] NET: Registered PF_NETLINK/PF_ROUTE protocol family
[    0.492578] audit: initializing netlink subsys (enabled)
[    0.495605] audit: type=2000 audit(1725542480.873:1): state=initialized audit_enabled=1 res=1
[    0.495605] ramoops: using module parameters
[    0.505874] pstore: Using crash dump compression: deflate
[    0.507739] printk: console [ramoops-1] enabled
[    0.508262] pstore: Registered ramoops as persistent store backend
[    0.510552] ramoops: using 0x200000@0x138000000, ecc: 0
[    0.512300] thermal_sys: Registered thermal governor 'bang_bang'
[    0.512302] thermal_sys: Registered thermal governor 'step_wise'
[    0.514573] thermal_sys: Registered thermal governor 'user_space'
[    0.516151] cpuidle: using governor menu
[    0.520211] PCI: MMCONFIG for domain 0000 [bus 00-3f] at [mem 0xf4000000-0xf7ffffff] (base 0xf4000000)
[    0.523630] PCI: not using MMCONFIG
[    0.524133] PCI: Using configuration type 1 for base access
[    0.526340] mtrr: your CPUs had inconsistent fixed MTRR settings
[    0.528133] mtrr: your CPUs had inconsistent MTRRdefType settings
[    0.530356] mtrr: probably your BIOS does not setup all CPUs.
[    0.532133] mtrr: corrected configuration.
[    0.533748] kprobes: kprobe jump-optimization is enabled. All kprobes are optimized if possible.
[    0.544491] cryptd: max_cpu_qlen set to 1000
[    0.546117] ACPI: Added _OSI(Module Device)
[    0.548137] ACPI: Added _OSI(Processor Device)
[    0.549823] ACPI: Added _OSI(3.0 _SCP Extensions)
[    0.551540] ACPI: Added _OSI(Processor Aggregator Device)
[    0.551540] ACPI: 1 ACPI AML tables successfully acquired and loaded
[    0.556898] ACPI: _OSC evaluated successfully for all CPUs
[    0.558210] ACPI: Interpreter enabled
[    0.560147] ACPI: PM: (supports S0 S1 S5)
[    0.561623] ACPI: Using IOAPIC for interrupt routing
[    0.563508] PCI: MMCONFIG for domain 0000 [bus 00-3f] at [mem 0xf4000000-0xf7ffffff] (base 0xf4000000)
[    0.564182] PCI: MMCONFIG at [mem 0xf4000000-0xf7ffffff] reserved as ACPI motherboard resource
[    0.567406] PCI: Using host bridge windows from ACPI; if necessary, use "pci=nocrs" and report a bug
[    0.572137] PCI: Ignoring E820 reservations for host bridge windows
[    0.576418] ACPI: PCI Root Bridge [PC00] (domain 0000 [bus 00-3f])
[    0.579188] acpi PNP0A08:00: _OSC: OS supports [ExtendedConfig ASPM ClockPM Segments MSI HPX-Type3]
[    0.584232] acpi PNP0A08:00: _OSC: OS now controls [PME PCIeCapability LTR]
[    0.586998] PCI host bridge to bus 0000:00
[    0.588135] pci_bus 0000:00: root bus resource [mem 0xd0000000-0xf7ffffff window]
[    0.590807] pci_bus 0000:00: root bus resource [mem 0x138200000-0x7fffffffff window]
[    0.592135] pci_bus 0000:00: root bus resource [bus 00-3f]
[    0.594257] pci 0000:00:00.0: [8086:1237] type 00 class 0x060000
[    0.597183] pci 0000:00:01.0: [1af4:107f] type 00 class 0x038000
[    0.600172] pci 0000:00:01.0: reg 0x10: [mem 0xd0800000-0xd0807fff]
[    0.603619] pci 0000:00:01.0: reg 0x18: [mem 0x200000000-0x2ffffffff 64bit pref]
[    0.610589] pci 0000:00:01.0: PME# supported from D0 D3hot D3cold
[    0.614012] pci 0000:00:01.1: [1af4:1041] type 00 class 0x028000
[    0.616704] pci 0000:00:01.1: reg 0x10: [mem 0xd08e8000-0xd08effff]
[    0.623478] pci 0000:00:01.1: PME# supported from D0 D3hot D3cold
[    0.629824] pci 0000:00:01.2: [1af4:1041] type 00 class 0x028000
[    0.632855] pci 0000:00:01.2: reg 0x10: [mem 0xd08f0000-0xd08f7fff]
[    0.639612] pci 0000:00:01.2: PME# supported from D0 D3hot D3cold
[    0.641784] pci 0000:00:01.3: [1af4:1059] type 00 class 0x040100
[    0.644692] pci 0000:00:01.3: reg 0x10: [mem 0xd0908000-0xd090ffff]
[    0.654592] pci 0000:00:01.3: PME# supported from D0 D3hot D3cold
[    0.657102] pci 0000:00:01.4: [1af4:105d] type 00 class 0x0d8000
[    0.660046] pci 0000:00:01.4: reg 0x10: [mem 0xd0910000-0xd0917fff]
[    0.661285] pci 0000:00:01.4: PME# supported from D0 D3hot D3cold
[    0.664632] pci 0000:00:01.5: [1b36:0011] type 00 class 0xffff00
[    0.667405] pci 0000:00:01.5: reg 0x10: [mem 0xd0918000-0xd091800f]
[    0.673067] pci 0000:00:01.6: [8086:3420] type 01 class 0x060400
[    0.676697] pci 0000:00:01.6: PME# supported from D0 D3hot D3cold
[    0.680389] pci 0000:00:02.0: [1af4:1050] type 00 class 0x038000
[    0.684460] pci 0000:00:02.0: reg 0x10: [mem 0xd0808000-0xd080ffff]
[    0.688188] pci 0000:00:02.0: reg 0x18: [mem 0x400000000-0x5ffffffff 64bit pref]
[    0.694492] pci 0000:00:02.0: PME# supported from D0 D3hot D3cold
[    0.697563] pci 0000:00:03.0: [1af4:1043] type 00 class 0x078000
[    0.700558] pci 0000:00:03.0: reg 0x10: [mem 0xd0810000-0xd0817fff]
[    0.706170] pci 0000:00:03.0: PME# supported from D0 D3hot D3cold
[    0.713944] pci 0000:00:04.0: [1af4:1043] type 00 class 0x078000
[    0.716553] pci 0000:00:04.0: reg 0x10: [mem 0xd0818000-0xd081ffff]
[    0.721995] pci 0000:00:04.0: PME# supported from D0 D3hot D3cold
[    0.725507] pci 0000:00:05.0: [1af4:1043] type 00 class 0x078000
[    0.728240] pci 0000:00:05.0: reg 0x10: [mem 0xd0820000-0xd0827fff]
[    0.733416] pci 0000:00:05.0: PME# supported from D0 D3hot D3cold
[    0.737198] pci 0000:00:06.0: [1af4:1043] type 00 class 0x078000
[    0.740732] pci 0000:00:06.0: reg 0x10: [mem 0xd0828000-0xd082ffff]
[    0.747414] pci 0000:00:06.0: PME# supported from D0 D3hot D3cold
[    0.753735] pci 0000:00:07.0: [1af4:1043] type 00 class 0x078000
[    0.756646] pci 0000:00:07.0: reg 0x10: [mem 0xd0830000-0xd0837fff]
[    0.762409] pci 0000:00:07.0: PME# supported from D0 D3hot D3cold
[    0.765649] pci 0000:00:08.0: [1af4:1043] type 00 class 0x078000
[    0.768704] pci 0000:00:08.0: reg 0x10: [mem 0xd0838000-0xd083ffff]
[    0.774789] pci 0000:00:08.0: PME# supported from D0 D3hot D3cold
[    0.781591] pci 0000:00:09.0: [1af4:1043] type 00 class 0x078000
[    0.784611] pci 0000:00:09.0: reg 0x10: [mem 0xd0840000-0xd0847fff]
[    0.790746] pci 0000:00:09.0: PME# supported from D0 D3hot D3cold
[    0.793720] pci 0000:00:0a.0: [1af4:1043] type 00 class 0x078000
[    0.796716] pci 0000:00:0a.0: reg 0x10: [mem 0xd0848000-0xd084ffff]
[    0.802367] pci 0000:00:0a.0: PME# supported from D0 D3hot D3cold
[    0.805562] pci 0000:00:0b.0: [1af4:1043] type 00 class 0x078000
[    0.808768] pci 0000:00:0b.0: reg 0x10: [mem 0xd0850000-0xd0857fff]
[    0.815142] pci 0000:00:0b.0: PME# supported from D0 D3hot D3cold
[    0.821648] pci 0000:00:0c.0: [1af4:1043] type 00 class 0x078000
[    0.824584] pci 0000:00:0c.0: reg 0x10: [mem 0xd0858000-0xd085ffff]
[    0.830822] pci 0000:00:0c.0: PME# supported from D0 D3hot D3cold
[    0.833744] pci 0000:00:0d.0: [1af4:1043] type 00 class 0x078000
[    0.836595] pci 0000:00:0d.0: reg 0x10: [mem 0xd0860000-0xd0867fff]
[    0.842840] pci 0000:00:0d.0: PME# supported from D0 D3hot D3cold
[    0.849708] pci 0000:00:0e.0: [1af4:1043] type 00 class 0x078000
[    0.852611] pci 0000:00:0e.0: reg 0x10: [mem 0xd0868000-0xd086ffff]
[    0.858738] pci 0000:00:0e.0: PME# supported from D0 D3hot D3cold
[    0.861489] pci 0000:00:0f.0: [1af4:1043] type 00 class 0x078000
[    0.864596] pci 0000:00:0f.0: reg 0x10: [mem 0xd0870000-0xd0877fff]
[    0.870192] pci 0000:00:0f.0: PME# supported from D0 D3hot D3cold
[    0.873942] pci 0000:00:10.0: [1af4:1043] type 00 class 0x078000
[    0.876718] pci 0000:00:10.0: reg 0x10: [mem 0xd0878000-0xd087ffff]
[    0.882787] pci 0000:00:10.0: PME# supported from D0 D3hot D3cold
[    0.889850] pci 0000:00:11.0: [1af4:1043] type 00 class 0x078000
[    0.892611] pci 0000:00:11.0: reg 0x10: [mem 0xd0880000-0xd0887fff]
[    0.898196] pci 0000:00:11.0: PME# supported from D0 D3hot D3cold
[    0.902033] pci 0000:00:12.0: [1af4:1043] type 00 class 0x078000
[    0.904578] pci 0000:00:12.0: reg 0x10: [mem 0xd0888000-0xd088ffff]
[    0.910126] pci 0000:00:12.0: PME# supported from D0 D3hot D3cold
[    0.913598] pci 0000:00:13.0: [1af4:1042] type 00 class 0x018000
[    0.916661] pci 0000:00:13.0: reg 0x10: [mem 0xd0890000-0xd0897fff]
[    0.922713] pci 0000:00:13.0: PME# supported from D0 D3hot D3cold
[    0.930195] pci 0000:00:14.0: [1af4:1042] type 00 class 0x018000
[    0.932778] pci 0000:00:14.0: reg 0x10: [mem 0xd0898000-0xd089ffff]
[    0.944181] pci 0000:00:14.0: PME# supported from D0 D3hot D3cold
[    0.948947] pci 0000:00:15.0: [1af4:1042] type 00 class 0x018000
[    0.952111] pci 0000:00:15.0: reg 0x10: [mem 0xd08a0000-0xd08a7fff]
[    0.954994] pci 0000:00:15.0: PME# supported from D0 D3hot D3cold
[    0.957952] pci 0000:00:16.0: [1af4:105b] type 00 class 0x010800
[    0.964730] pci 0000:00:16.0: reg 0x10: [mem 0xd08a8000-0xd08affff]
[    0.971212] pci 0000:00:16.0: PME# supported from D0 D3hot D3cold
[    0.973608] pci 0000:00:17.0: [1af4:105b] type 00 class 0x010800
[    0.976699] pci 0000:00:17.0: reg 0x10: [mem 0xd08b0000-0xd08b7fff]
[    0.983029] pci 0000:00:17.0: PME# supported from D0 D3hot D3cold
[    0.986115] pci 0000:00:18.0: [1af4:1044] type 00 class 0x088000
[    0.992728] pci 0000:00:18.0: reg 0x10: [mem 0xd08b8000-0xd08bffff]
[    0.999020] pci 0000:00:18.0: PME# supported from D0 D3hot D3cold
[    1.001473] pci 0000:00:19.0: [1af4:1052] type 00 class 0x098000
[    1.004062] pci 0000:00:19.0: reg 0x10: [mem 0xd08c0000-0xd08c7fff]
[    1.010462] pci 0000:00:19.0: PME# supported from D0 D3hot D3cold
[    1.013239] pci 0000:00:1a.0: [1af4:1052] type 00 class 0x098000
[    1.015438] pci 0000:00:1a.0: reg 0x10: [mem 0xd08c8000-0xd08cffff]
[    1.019025] pci 0000:00:1a.0: PME# supported from D0 D3hot D3cold
[    1.021475] pci 0000:00:1b.0: [1af4:1052] type 00 class 0x098000
[    1.023756] pci 0000:00:1b.0: reg 0x10: [mem 0xd08d0000-0xd08d7fff]
[    1.030816] pci 0000:00:1b.0: PME# supported from D0 D3hot D3cold
[    1.033469] pci 0000:00:1c.0: [1af4:1052] type 00 class 0x098000
[    1.035743] pci 0000:00:1c.0: reg 0x10: [mem 0xd08d8000-0xd08dffff]
[    1.038966] pci 0000:00:1c.0: PME# supported from D0 D3hot D3cold
[    1.045478] pci 0000:00:1d.0: [1af4:1045] type 00 class 0x088000
[    1.048078] pci 0000:00:1d.0: reg 0x10: [mem 0xd08e0000-0xd08e7fff]
[    1.050464] pci 0000:00:1d.0: PME# supported from D0 D3hot D3cold
[    1.053226] pci 0000:00:1e.0: [1af4:1053] type 00 class 0x028000
[    1.055690] pci 0000:00:1e.0: reg 0x10: [mem 0xd08f8000-0xd08fffff]
[    1.062373] pci 0000:00:1e.0: PME# supported from D0 D3hot D3cold
[    1.065367] pci 0000:00:1f.0: [1af4:105a] type 00 class 0x018000
[    1.068200] pci 0000:00:1f.0: reg 0x10: [mem 0xd0900000-0xd0907fff]
[    1.073302] pci 0000:00:1f.0: PME# supported from D0 D3hot D3cold
[    1.076323] pci 0000:00:01.6: PCI bridge to [bus 01]
[    1.077924] pci 0000:00:01.6:   bridge window [mem 0xd0000000-0xd07fffff]
[    1.080174] pci 0000:00:01.6:   bridge window [mem 0x138200000-0x13c1fffff 64bit pref]
[    1.083024] iommu: Default domain type: Translated
[    1.084134] iommu: DMA domain TLB invalidation policy: lazy mode
[    1.086307] SCSI subsystem initialized
[    1.087552] ACPI: bus type USB registered
[    1.088162] usbcore: registered new interface driver usbfs
[    1.090321] usbcore: registered new interface driver hub
[    1.092151] usbcore: registered new device driver usb
[    1.093840] mc: Linux media interface: v0.10
[    1.095205] videodev: Linux video capture interface: v2.00
[    1.096168] EDAC MC: Ver: 3.0.0
[    1.100253] Advanced Linux Sound Architecture Driver Initialized.
[    1.104431] PCI: Using ACPI for IRQ routing
[    1.123199] vgaarb: loaded
[    1.124329] clocksource: Switched to clocksource kvm-clock
[    1.126878] VFS: Disk quotas dquot_6.6.0
[    1.129705] VFS: Dquot-cache hash table entries: 512 (order 0, 4096 bytes)
[    1.132119] pnp: PnP ACPI init
[    1.133181] system 00:00: [mem 0xf4000000-0xf7ffffff] has been reserved
[    1.135193] pnp: PnP ACPI: found 1 devices
[    1.136715] NET: Registered PF_INET protocol family
[    1.138848] IP idents hash table entries: 65536 (order: 7, 524288 bytes, linear)
[    1.142499] tcp_listen_portaddr_hash hash table entries: 2048 (order: 3, 32768 bytes, linear)
[    1.146023] Table-perturb hash table entries: 65536 (order: 6, 262144 bytes, linear)
[    1.148922] TCP established hash table entries: 32768 (order: 6, 262144 bytes, linear)
[    1.152844] TCP bind hash table entries: 32768 (order: 8, 1048576 bytes, linear)
[    1.155736] TCP: Hash tables configured (established 32768 bind 32768)
[    1.158390] UDP hash table entries: 2048 (order: 4, 65536 bytes, linear)
[    1.160951] UDP-Lite hash table entries: 2048 (order: 4, 65536 bytes, linear)
[    1.163627] NET: Registered PF_UNIX/PF_LOCAL protocol family
[    1.165904] NET: Registered PF_XDP protocol family
[    1.168093] pci 0000:00:01.6: bridge window [io  0x1000-0x0fff] to [bus 01] add_size 1000
[    1.170833] pci 0000:00:01.6: BAR 13: no space for [io  size 0x1000]
[    1.172846] pci 0000:00:01.6: BAR 13: failed to assign [io  size 0x1000]
[    1.174944] pci 0000:00:01.6: BAR 13: no space for [io  size 0x1000]
[    1.177032] pci 0000:00:01.6: BAR 13: failed to assign [io  size 0x1000]
[    1.179376] pci 0000:00:01.6: PCI bridge to [bus 01]
[    1.180904] pci 0000:00:01.6:   bridge window [mem 0xd0000000-0xd07fffff]
[    1.182965] pci 0000:00:01.6:   bridge window [mem 0x138200000-0x13c1fffff 64bit pref]
[    1.185533] pci_bus 0000:00: resource 4 [mem 0xd0000000-0xf7ffffff window]
[    1.187693] pci_bus 0000:00: resource 5 [mem 0x138200000-0x7fffffffff window]
[    1.189867] pci_bus 0000:01: resource 1 [mem 0xd0000000-0xd07fffff]
[    1.192142] pci_bus 0000:01: resource 2 [mem 0x138200000-0x13c1fffff 64bit pref]
[    1.194432] pci 0000:00:00.0: Limiting direct PCI/PCI transfers
[    1.197443] PCI: CLS 0 bytes, default 64
[    1.198958] Trying to unpack rootfs image as initramfs...
[    1.200696] PCI-DMA: Using software bounce buffering for IO (SWIOTLB)
[    1.202899] software IO TLB: mapped [mem 0x00000000cad8d000-0x00000000ced8d000] (64MB)
[    1.212035] RAPL PMU: API unit is 2^-32 Joules, 0 fixed counters, 10737418240 ms ovfl timer
[    1.226706] kvm_amd: CPU 0 isn't AMD or Hygon
[    1.228763] clocksource: tsc: mask: 0xffffffffffffffff max_cycles: 0x228b6b4624b, max_idle_ns: 440795269686 ns
[    1.233429] clocksource: Switched to clocksource tsc
[    1.235840] platform rtc_cmos: registered platform RTC device (no PNP device found)
[    1.240209] Initialise system trusted keyrings
[    1.242431] workingset: timestamp_bits=46 max_order=20 bucket_order=0
[    1.245788] fuse: init (API version 7.39)
[    1.267044] Key type asymmetric registered
[    1.269076] Asymmetric key parser 'x509' registered
[    1.271219] Block layer SCSI generic (bsg) driver version 0.4 loaded (major 240)
[    1.274361] io scheduler mq-deadline registered
[    1.276105] io scheduler kyber registered
[    1.277796] io scheduler bfq registered
[    1.279693] pcieport 0000:00:01.6: enabling device (0000 -> 0002)
[    1.282906] pcieport 0000:00:01.6: PME: Signaling with IRQ 24
[    1.285818] input: Power Button as /devices/LNXSYSTM:00/LNXPWRBN:00/input/input0
[    1.299727] ACPI: button: Power Button [PWRF]
[    1.301848] input: Sleep Button as /devices/LNXSYSTM:00/LNXSLPBN:00/input/input1
[    1.304958] ACPI: button: Sleep Button [SLPF]
[    1.306812] Serial: 8250/16550 driver, 1 ports, IRQ sharing disabled
[    1.309984] serial8250: ttyS0 at I/O 0x3f8 (irq = 4, base_baud = 115200) is a 16550A
[    1.313503] printk: console [ttynull0] enabled
[    1.315758] ACPI: bus type drm_connector registered
[    1.322338] brd: module loaded
[    1.327531] loop: module loaded
[    1.330054] wireguard: WireGuard 1.0.0 loaded. See www.wireguard.com for information.
[    1.333659] wireguard: Copyright (C) 2015-2019 Jason A. Donenfeld <Jason@zx2c4.com>. All Rights Reserved.
[    1.337911] tun: Universal TUN/TAP device driver, 1.6
[    1.340584] usbcore: registered new interface driver uas
[    1.343109] usbcore: registered new interface driver usb-storage
[    1.346016] i8042: PNP: No PS/2 controller found.
[    1.348321] usbcore: registered new interface driver xpad
[    1.351614] rtc_cmos rtc_cmos: registered as rtc0
[    1.353893] rtc_cmos rtc_cmos: alarms up to one year, y3k, 114 bytes nvram
[    1.356647] gspca_main: v2.14.0 registered
[    1.358695] usbcore: registered new interface driver uvcvideo
[    1.359905] Freeing initrd memory: 20716K
[    1.361368] device-mapper: uevent: version 1.0.3
[    1.364464] device-mapper: ioctl: 4.48.0-ioctl (2023-03-01) initialised: dm-devel@redhat.com
[    1.367198] intel_pstate: CPU model not supported
[    1.368753] sdhci: Secure Digital Host Controller Interface driver
[    1.370684] sdhci: Copyright(c) Pierre Ossman
[    1.372073] sdhci-pltfm: SDHCI platform and OF driver helper
[    1.373920] hid: raw HID events driver (C) Jiri Kosina
[    1.375809] usbcore: registered new interface driver usbhid
[    1.377552] usbhid: USB HID core driver
[    1.378800] ashmem: initialized
[    1.379846] gnss: GNSS driver registered with major 507
[    1.381599] usbcore: registered new interface driver snd-usb-audio
[    1.383681] GACT probability NOT on
[    1.384780] Mirror/redirect action on
[    1.385917] netem: version 1.3
[    1.387092] u32 classifier
[    1.388072]     input device check on
[    1.389530]     Actions configured
[    1.409397] xt_time: kernel timezone is -0000
[    1.411150] ipip: IPv4 and MPLS over IPv4 tunneling driver
[    1.413425] gre: GRE over IPv4 demultiplexor driver
[    1.415256] ip_gre: GRE over IPv4 tunneling driver
[    1.417395] IPv4 over IPsec tunneling driver
[    1.419386] Initializing XFRM netlink socket
[    1.421014] IPsec XFRM device driver
[    1.422173] NET: Registered PF_INET6 protocol family
[    1.424311] Segment Routing with IPv6
[    1.425864] In-situ OAM (IOAM) with IPv6
[    1.427464] mip6: Mobile IPv6
[    1.428841] sit: IPv6, IPv4 and MPLS over IPv4 tunneling driver
[    1.431082] ip6_gre: GRE over IPv6 tunneling driver
[    1.432879] NET: Registered PF_PACKET protocol family
[    1.434658] NET: Registered PF_KEY protocol family
[    1.436511] NET: Registered PF_VSOCK protocol family
[    1.438588] IPI shorthand broadcast: enabled
[    1.440209] AVX2 version of gcm_enc/dec engaged.
[    1.441996] AES CTR mode by8 optimization enabled
[    1.446318] sched_clock: Marking stable (1416097973, 27642906)->(1626488970, -182748091)
[    1.449684] registered taskstats version 1
[    1.451265] Loading compiled-in X.509 certificates
[    1.453220] cryptomgr_probe (64) used greatest stack depth: 15512 bytes left
[    1.456324] Loaded X.509 cert 'Build time autogenerated kernel key: 1ebaa4a8b12675e3d49129f100a5c2bb825a6a34'
[    1.464146] page_owner is disabled
[    1.465626] Key type .fscrypt registered
[    1.467047] Key type fscrypt-provisioning registered
[    1.469161] ALSA device list:
[    1.470242]   No soundcards found.
[    1.472089] Freeing unused kernel image (initmem) memory: 2932K
[    1.474330] Write protecting the kernel read-only data: 34816k
[    1.476782] Freeing unused kernel image (rodata/data gap) memory: 636K
[    1.479235] Run /init as init process
[    1.481840] init: init first stage started!
[    1.484169] init: Loading module /lib/modules/failover.ko with args ''
[    1.486433] failover: module verification failed: signature and/or required key missing - tainting kernel
[    1.489968] init: Loaded kernel module /lib/modules/failover.ko
[    1.492031] init: Loading module /lib/modules/nd_virtio.ko with args ''
[    1.494455] init: Loaded kernel module /lib/modules/nd_virtio.ko
[    1.496581] init: Loading module /lib/modules/net_failover.ko with args ''
[    1.499349] init: Loaded kernel module /lib/modules/net_failover.ko
[    1.501756] init: Loading module /lib/modules/virtio_blk.ko with args ''
[    1.504618] init: Loaded kernel module /lib/modules/virtio_blk.ko
[    1.506786] init: Loading module /lib/modules/virtio_console.ko with args ''
[    1.510112] init: Loaded kernel module /lib/modules/virtio_console.ko
[    1.512719] init: Loading module /lib/modules/virtio_dma_buf.ko with args ''
[    1.515550] init: Loaded kernel module /lib/modules/virtio_dma_buf.ko
[    1.517980] init: Loading module /lib/modules/virtio-gpu.ko with args ''
[    1.521741] init: Loaded kernel module /lib/modules/virtio-gpu.ko
[    1.524161] init: Loading module /lib/modules/virtio_input.ko with args ''
[    1.527022] init: Loaded kernel module /lib/modules/virtio_input.ko
[    1.529336] init: Loading module /lib/modules/virtio_net.ko with args ''
[    1.532388] init: Loaded kernel module /lib/modules/virtio_net.ko
[    1.534416] init: Loading module /lib/modules/virtio_pci_modern_dev.ko with args ''
[    1.537253] init: Loaded kernel module /lib/modules/virtio_pci_modern_dev.ko
[    1.539931] init: Loading module /lib/modules/virtio_pci_legacy_dev.ko with args ''
[    1.542949] init: Loaded kernel module /lib/modules/virtio_pci_legacy_dev.ko
[    1.545560] init: Loading module /lib/modules/virtio_pci.ko with args ''
[    1.566813] [drm] pci: virtio-gpu-pci detected at 0000:00:02.0
[    1.569735] [drm] Host memory window: 0x400000000 +0x200000000
[    1.571618] [drm] features: -virgl +edid -resource_blob +host_visible
[    1.571619] [drm] features: -context_init
[    1.577126] [drm] number of scanouts: 16
[    1.578658] [drm] number of cap sets: 0
[    1.637340] [drm] Initialized virtio_gpu 0.1.0 0 for 0000:00:02.0 on minor 0
[    1.653057] printk: console [hvc0] enabled
[    1.655114] printk: bootconsole [uart8250] disabled
[    1.749097] virtio_blk virtio22: 2/0/0 default/read/poll queues
[    1.752014] virtio_blk virtio22: [vda] 32148608 512-byte logical blocks (16.5 GB/15.3 GiB)
[    1.753044]  vda: vda1 vda2 vda3 vda4 vda5 vda6 vda7 vda8 vda9 vda10 vda11 vda12 vda13 vda14 vda15 vda16 vda17 vda18
[    1.756111] virtio_blk virtio23: 2/0/0 default/read/poll queues
[    1.759302] virtio_blk virtio23: [vdb] 2560 512-byte logical blocks (1.31 MB/1.25 MiB)
[    1.760323]  vdb: vdb1 vdb2 vdb3 vdb4
[    1.763144] virtio_blk virtio24: 2/0/0 default/read/poll queues
[    1.766379] virtio_blk virtio24: [vdc] 4194304 512-byte logical blocks (2.15 GB/2.00 GiB)
[    1.766931]  vdc: vdc1
[    1.781661] input: Crosvm Virtio Multitouch Touchscreen 0 as /devices/pci0000:00/0000:00:19.0/virtio28/input/input2
[    1.788288] input: Crosvm Virtio Rotary 0 as /devices/pci0000:00/0000:00:1a.0/virtio29/input/input3
[    1.795353] input: Crosvm Virtio Keyboard 0 as /devices/pci0000:00/0000:00:1b.0/virtio30/input/input4
[    1.801909] input: Crosvm Virtio Switches 0 as /devices/pci0000:00/0000:00:1c.0/virtio31/input/input5
[    1.811772] init: Loaded kernel module /lib/modules/virtio_pci.ko
[    1.811926] init: Loading module /lib/modules/virtio-rng.ko with args ''
[    1.814565] init: Loaded kernel module /lib/modules/virtio-rng.ko
[    1.814693] init: Loading module /lib/modules/vmw_vsock_virtio_transport.ko with args ''
[    1.821094] init: Loaded kernel module /lib/modules/vmw_vsock_virtio_transport.ko
[    1.821247] init: Loading module /lib/modules/libarc4.ko with args ''
[    1.821518] cryptomgr_probe (67) used greatest stack depth: 14952 bytes left
[    1.822184] init: Loaded kernel module /lib/modules/libarc4.ko
[    1.822279] init: Loading module /lib/modules/rfkill.ko with args ''
[    1.823400] init: Loaded kernel module /lib/modules/rfkill.ko
[    1.823490] init: Loading module /lib/modules/cfg80211.ko with args ''
[    1.832357] cfg80211: Loading compiled-in X.509 certificates for regulatory database
[    1.832641] Loaded X.509 cert 'sforshee: 00b28ddf47aef9cea7'
[    1.832887] Loaded X.509 cert 'wens: 61c038651aabdcf94bd0ac7ff06c7248db18c600'
[    1.833012] platform regulatory.0: Direct firmware load for regulatory.db failed with error -2
[    1.833087] cfg80211: failed to load regulatory.db
[    1.833329] init: Loaded kernel module /lib/modules/cfg80211.ko
[    1.833419] init: Loading module /lib/modules/mac80211.ko with args ''
[    1.841945] init: Loaded kernel module /lib/modules/mac80211.ko
[    1.842087] init: Loading module /lib/modules/mac80211_hwsim.ko with args 'radios=0'
[    1.843132] mac80211_hwsim: initializing netlink
[    1.984797] init: Loaded kernel module /lib/modules/mac80211_hwsim.ko
[    1.984937] init: Loaded 19 modules from /lib/modules
[    1.985022] init: Loaded 19 kernel modules took 501 ms
[    1.985297] init: Copied ramdisk prop to /second_stage_resources/system/etc/ramdisk/build.prop
[    1.985410] init: Using generic ramdisk copy of snapuserd /system/bin/snapuserd_ramdisk
[    1.985504] init: hard linking /system/bin/snapuserd_ramdisk to /first_stage_ramdisk/system/bin/snapuserd succeeded
[    1.985769] init: Switching root to '/first_stage_ramdisk'
[    1.985980] init: [libfstab] Using Android DT directory /proc/device-tree/firmware/android/
[    1.986069] init: [libfstab] ReadFstabFromDt(): failed to read fstab from dt
[    1.992446] init: [libfs_mgr] Invalid ext4 superblock on '/dev/block/by-name/metadata'
[    1.992626] init: [libfs_mgr] Invalid ext4 superblock on '/dev/block/by-name/metadata'
[    1.993693] init: [libfs_mgr] Created logical partition product_a on device /dev/block/dm-0
[    1.993772] init: [libfs_mgr] Skipping zero-length logical partition: product_b
[    1.994157] init: [libfs_mgr] Created logical partition system_a on device /dev/block/dm-1
[    1.994565] init: [libfs_mgr] Created logical partition system_b on device /dev/block/dm-2
[    1.994954] init: [libfs_mgr] Created logical partition system_ext_a on device /dev/block/dm-3
[    1.995055] init: [libfs_mgr] Skipping zero-length logical partition: system_ext_b
[    1.995444] init: [libfs_mgr] Created logical partition system_dlkm_a on device /dev/block/dm-4
[    1.995515] init: [libfs_mgr] Skipping zero-length logical partition: system_dlkm_b
[    1.996003] init: [libfs_mgr] Created logical partition odm_a on device /dev/block/dm-5
[    1.996068] init: [libfs_mgr] Skipping zero-length logical partition: odm_b
[    1.996465] init: [libfs_mgr] Created logical partition vendor_a on device /dev/block/dm-6
[    1.996526] init: [libfs_mgr] Skipping zero-length logical partition: vendor_b
[    1.996927] init: [libfs_mgr] Created logical partition vendor_dlkm_a on device /dev/block/dm-7
[    1.997003] init: [libfs_mgr] Skipping zero-length logical partition: vendor_dlkm_b
[    1.997406] init: [libfs_mgr] Created logical partition odm_dlkm_a on device /dev/block/dm-8
[    1.997476] init: [libfs_mgr] Skipping zero-length logical partition: odm_dlkm_b
[    1.997536] init: DSU not detected, proceeding with normal boot
[    2.003241] init: [libfs_avb] Returning avb_handle with status: Success
[    2.003559] init: [libfs_avb] : Error verifying vbmeta image: OK_NOT_SIGNED
[    2.003734] init: [libfs_avb] public key data shouldn't be empty for /system
[    2.003802] init: [libfs_avb] Found unknown public key used to sign /system
[    2.003852] init: [libfs_avb] Returning avb_handle for '/system' with status: VerificationError
[    2.003995] init: [libfs_avb] Built verity table: '1 /dev/block/dm-1 /dev/block/dm-1 4096 4096 190800 190800 sha256 6c5c8a6135b2f1ad654fc606c5e9333b7450677a50b4fa3bb3edc28f3b872ef5 fc19461e641165c4f4def3f63e791605d42fb11e61b3eab76a35e5ec39d98d62 10 use_fec_from_device /dev/block/dm-1 fec_roots 2 fec_blocks 192304 fec_start 192304 restart_on_corruption ignore_zero_blocks'
[    2.004398] device-mapper: verity: sha256 using shash "sha256-avx2"
[    2.006546] erofs: (device dm-9): mounted with root inode @ nid 61.
[    2.006655] init: [libfs_mgr] __mount(source=/dev/block/dm-9,target=/system,type=erofs)=0: Success
[    2.006906] init: Switching root to '/system'
[    2.007510] init: [libfs_avb] Built verity table: '1 /dev/block/dm-5 /dev/block/dm-5 4096 4096 91 91 sha256 1b75e73ddbc1715b0ae6c51169da912e83acc87d1c72fa8c8a25844ed06e2e01 fc19461e641165c4f4def3f63e791605d42fb11e61b3eab76a35e5ec39d98d62 10 use_fec_from_device /dev/block/dm-5 fec_roots 2 fec_blocks 92 fec_start 92 restart_on_corruption ignore_zero_blocks'
[    2.008024] device-mapper: verity: sha256 using shash "sha256-avx2"
[    2.009280] erofs: (device dm-10): mounted with root inode @ nid 38.
[    2.009367] init: [libfs_mgr] __mount(source=/dev/block/dm-10,target=/odm,type=erofs)=0: Success
[    2.009669] init: [libfs_avb] Built verity table: '1 /dev/block/dm-0 /dev/block/dm-0 4096 4096 50703 50703 sha256 c829114b9933b50a115ec941ddafce7070a4c71c8470c0c29dc7d021daad9e57 fc19461e641165c4f4def3f63e791605d42fb11e61b3eab76a35e5ec39d98d62 10 use_fec_from_device /dev/block/dm-0 fec_roots 2 fec_blocks 51105 fec_start 51105 restart_on_corruption ignore_zero_blocks'
[    2.010067] device-mapper: verity: sha256 using shash "sha256-avx2"
[    2.011926] erofs: (device dm-11): mounted with root inode @ nid 39.
[    2.012038] init: [libfs_mgr] __mount(source=/dev/block/dm-11,target=/product,type=erofs)=0: Success
[    2.012371] init: [libfs_avb] Built verity table: '1 /dev/block/dm-3 /dev/block/dm-3 4096 4096 112330 112330 blake2b-256 8a2899e656634f984b29495a7537964b9de7a12693ed09f958f5cf491da4a75a fc19461e641165c4f4def3f63e791605d42fb11e61b3eab76a35e5ec39d98d62 10 use_fec_from_device /dev/block/dm-3 fec_roots 2 fec_blocks 113216 fec_start 113216 restart_on_corruption ignore_zero_blocks'
[    2.012776] device-mapper: verity: blake2b-256 using shash "blake2b-256-generic"
[    2.014665] erofs: (device dm-12): mounted with root inode @ nid 38.
[    2.014767] init: [libfs_mgr] __mount(source=/dev/block/dm-12,target=/system_ext,type=erofs)=0: Success
[    2.015064] init: [libfs_avb] Built verity table: '1 /dev/block/dm-6 /dev/block/dm-6 4096 4096 63919 63919 sha256 1f4f652fc6dd6d978de45fac9326da2b007c77b91c8ef58a7dc60edcc34cdf15 fc19461e641165c4f4def3f63e791605d42fb11e61b3eab76a35e5ec39d98d62 10 use_fec_from_device /dev/block/dm-6 fec_roots 2 fec_blocks 64424 fec_start 64424 restart_on_corruption ignore_zero_blocks'
[    2.015521] device-mapper: verity: sha256 using shash "sha256-avx2"
[    2.017356] erofs: (device dm-13): mounted with root inode @ nid 48.
[    2.017458] init: [libfs_mgr] __mount(source=/dev/block/dm-13,target=/vendor,type=erofs)=0: Success
[    2.017782] init: [libfs_avb] Built verity table: '1 /dev/block/dm-7 /dev/block/dm-7 4096 4096 243 243 sha256 d17e7940536987fcbb5dfc86932cd8b54b0b459cd81f2cfe14a79ed5e40e0090 fc19461e641165c4f4def3f63e791605d42fb11e61b3eab76a35e5ec39d98d62 10 use_fec_from_device /dev/block/dm-7 fec_roots 2 fec_blocks 246 fec_start 246 restart_on_corruption ignore_zero_blocks'
[    2.018183] device-mapper: verity: sha256 using shash "sha256-avx2"
[    2.020046] erofs: (device dm-14): mounted with root inode @ nid 39.
[    2.020145] init: [libfs_mgr] __mount(source=/dev/block/dm-14,target=/vendor_dlkm,type=erofs)=0: Success
[    2.020464] init: [libfs_avb] Built verity table: '1 /dev/block/dm-8 /dev/block/dm-8 4096 4096 7 7 sha256 b36dea7622810a5f5146cd0436eb07933843bf3aaa9bb753b69cae8b29348c2c fc19461e641165c4f4def3f63e791605d42fb11e61b3eab76a35e5ec39d98d62 10 use_fec_from_device /dev/block/dm-8 fec_roots 2 fec_blocks 8 fec_start 8 restart_on_corruption ignore_zero_blocks'
[    2.020855] device-mapper: verity: sha256 using shash "sha256-avx2"
[    2.022301] erofs: (device dm-15): mounted with root inode @ nid 38.
[    2.022408] init: [libfs_mgr] __mount(source=/dev/block/dm-15,target=/odm_dlkm,type=erofs)=0: Success
[    2.022914] init: [libfs_avb] : Error verifying vbmeta image: OK_NOT_SIGNED
[    2.023078] init: [libfs_avb] public key data shouldn't be empty for /system_dlkm
[    2.023149] init: [libfs_avb] Found unknown public key used to sign /system_dlkm
[    2.023208] init: [libfs_avb] Returning avb_handle for '/system_dlkm' with status: VerificationError
[    2.023281] init: Image rollback detected for /system_dlkm, SPL switches from '' to ''
[    2.023400] init: Allowing rollbacked standalone image when the device is unlocked
[    2.023504] init: [libfs_avb] Built verity table: '1 /dev/block/dm-4 /dev/block/dm-4 4096 4096 1746 1746 sha256 8ad57f733d1e80e4986453314937ba67a8998ccbc0946c16483be90f68e8ef68 fc19461e641165c4f4def3f63e791605d42fb11e61b3eab76a35e5ec39d98d62 10 use_fec_from_device /dev/block/dm-4 fec_roots 2 fec_blocks 1761 fec_start 1761 restart_on_corruption ignore_zero_blocks'
[    2.024029] device-mapper: verity: sha256 using shash "sha256-avx2"
[    2.025642] erofs: (device dm-16): mounted with root inode @ nid 38.
[    2.025746] init: [libfs_mgr] __mount(source=/dev/block/dm-16,target=/system_dlkm,type=erofs)=0: Success
[    2.033254] init: Skipped setting INIT_AVB_VERSION (not in recovery mode)
[    2.096438] init: [libfstab] Using Android DT directory /proc/device-tree/firmware/android/
[    2.098607] init: Opening SELinux policy
[    2.103046] init: Loading SELinux policy
[    2.110465] SELinux:  policy capability network_peer_controls=1
[    2.110569] SELinux:  policy capability open_perms=1
[    2.110616] SELinux:  policy capability extended_socket_class=1
[    2.110669] SELinux:  policy capability always_check_network=0
[    2.110721] SELinux:  policy capability cgroup_seclabel=0
[    2.110764] SELinux:  policy capability nnp_nosuid_transition=1
[    2.110809] SELinux:  policy capability genfs_seclabel_symlinks=0
[    2.110856] SELinux:  policy capability ioctl_skip_cloexec=0
[    2.114545] audit: type=1403 audit(1725542482.479:2): auid=4294967295 ses=4294967295 lsm=selinux res=1
[    2.114651] audit: type=1300 audit(1725542482.479:2): arch=c000003e syscall=1 success=yes exit=764258 a0=4 a1=7f924bb07690 a2=ba962 a3=0 items=0 ppid=0 pid=1 auid=4294967295 uid=0 gid=0 euid=0 suid=0 fsuid=0 egid=0 sgid=0 fsgid=0 tty=(none) ses=4294967295 comm="init" exe="/system/bin/init" subj=u:r:kernel:s0 key=(null)
[    2.114848] audit: type=1327 audit(1725542482.479:2): proctitle=2F73797374656D2F62696E2F696E69740073656C696E75785F7365747570
[    2.114934] audit: type=1404 audit(1725542482.491:3): enforcing=1 old_enforcing=0 auid=4294967295 ses=4294967295 enabled=1 old-enabled=1 lsm=selinux res=1
[    2.115174] audit: type=1300 audit(1725542482.491:3): arch=c000003e syscall=1 success=yes exit=1 a0=4 a1=7ffd83a2e9d0 a2=1 a3=7f94dea94c96 items=0 ppid=0 pid=1 auid=4294967295 uid=0 gid=0 euid=0 suid=0 fsuid=0 egid=0 sgid=0 fsgid=0 tty=(none) ses=4294967295 comm="init" exe="/system/bin/init" subj=u:r:kernel:s0 key=(null)
[    2.115511] audit: type=1327 audit(1725542482.491:3): proctitle=2F73797374656D2F62696E2F696E69740073656C696E75785F7365747570
[    2.117224] selinux: SELinux: Loaded file context from:
[    2.117296] selinux: 		/system/etc/selinux/plat_file_contexts
[    2.117351] selinux: 		/system_ext/etc/selinux/system_ext_file_contexts
[    2.117404] selinux: 		/product/etc/selinux/product_file_contexts
[    2.117456] selinux: 		/vendor/etc/selinux/vendor_file_contexts
[    2.127492] init: init second stage started!
[    2.135348] selinux: SELinux: Loaded file context from:
[    2.135445] selinux: 		/system/etc/selinux/plat_file_contexts
[    2.135501] selinux: 		/system_ext/etc/selinux/system_ext_file_contexts
[    2.135553] selinux: 		/product/etc/selinux/product_file_contexts
[    2.135604] selinux: 		/vendor/etc/selinux/vendor_file_contexts
[    2.157694] init: [libfstab] Using Android DT directory /proc/device-tree/firmware/android/
[    2.161315] init: Overriding previous property 'ro.config.notification_sound':'OnTheHunt.ogg' with new value 'pixiedust.ogg'
[    2.162571] init: Setting product property ro.product.brand to 'generic' (from ro.product.product.brand)
[    2.162678] init: Setting product property ro.product.device to 'vsoc_x86_64' (from ro.product.product.device)
[    2.162781] init: Setting product property ro.product.manufacturer to 'Google' (from ro.product.product.manufacturer)
[    2.162873] init: Setting product property ro.product.model to 'Cuttlefish x86_64 phone' (from ro.product.product.model)
[    2.162962] init: Setting product property ro.product.name to 'aosp_cf_x86_64_phone' (from ro.product.product.name)
[    2.163079] init: Setting property 'ro.build.fingerprint' to 'generic/aosp_cf_x86_64_phone/vsoc_x86_64:VanillaIceCream/MAIN.17062ff9/12322991:userdebug/test-keys'
[    2.163201] init: Setting property 'ro.build.legacy.fingerprint' to 'generic/aosp_cf_x86_64_phone/vsoc_x86_64:VanillaIceCream/MAIN/12322991:userdebug/test-keys'
[    2.163314] init: Setting property 'ro.product.cpu.abilist' to 'x86_64,arm64-v8a,x86,armeabi-v7a,armeabi'
[    2.163389] init: Setting property 'ro.product.cpu.abilist32' to 'x86,armeabi-v7a,armeabi'
[    2.163456] init: Setting property 'ro.product.cpu.abilist64' to 'x86_64,arm64-v8a'
[    2.164728] selinux: SELinux: Loaded file context from:
[    2.164796] selinux: 		/system/etc/selinux/plat_file_contexts
[    2.164848] selinux: 		/system_ext/etc/selinux/system_ext_file_contexts
[    2.164897] selinux: 		/product/etc/selinux/product_file_contexts
[    2.164945] selinux: 		/vendor/etc/selinux/vendor_file_contexts
[    2.165003] init: Running restorecon...
[    2.174295] init: Created socket '/dev/socket/property_service_for_system', mode 660, user 0, group 1000
[    2.174553] init: Created socket '/dev/socket/property_service', mode 666, user 0, group 0
[    2.175307] init: [libfs_mgr] vendor overlay: vndk version not defined
[    2.176723] init: SetupMountNamespaces done
[    2.177634] init: Forked subcontext for 'u:r:vendor_init:s0' with pid 96
[    2.178218] init: Parsing file /system/etc/init/hw/init.rc...
[    2.178818] init: Added '/init.environ.rc' to import list
[    2.178896] init: Added '/system/etc/init/hw/init.usb.rc' to import list
[    2.178994] init: Added '/init.cutf_cvm.rc' to import list
[    2.179103] init: Added '/vendor/etc/init/hw/init.cutf_cvm.rc' to import list
[    2.179170] init: Added '/system/etc/init/hw/init.usb.configfs.rc' to import list
[    2.179310] init: Added '/system/etc/init/hw/init.zygote64_32.rc' to import list
[    2.179894] init: Added '/system/etc/init/hw/init.boringssl.zygote64_32.rc' to import list
[    2.180495] init: Parsing file /init.environ.rc...
[    2.180755] init: Parsing file /system/etc/init/hw/init.usb.rc...
[    2.181091] init: Parsing file /init.cutf_cvm.rc...
[    2.181160] init: Unable to read config file '/init.cutf_cvm.rc': open() failed: No such file or directory
[    2.181382] init: Parsing file /vendor/etc/init/hw/init.cutf_cvm.rc...
[    2.181468] init: Unable to read config file '/vendor/etc/init/hw/init.cutf_cvm.rc': open() failed: No such file or directory
[    2.181685] init: Parsing file /system/etc/init/hw/init.usb.configfs.rc...
[    2.182211] init: Parsing file /system/etc/init/hw/init.zygote64_32.rc...
[    2.182314] init: Added '/system/etc/init/hw/init.zygote64.rc' to import list
[    2.182448] init: Parsing file /system/etc/init/hw/init.zygote64.rc...
[    2.182604] init: Parsing file /system/etc/init/hw/init.boringssl.zygote64_32.rc...
[    2.182708] init: Parsing directory /system/etc/init...
[    2.182831] init: Parsing file /system/etc/init/aconfigd.rc...
[    2.183082] init: Parsing file /system/etc/init/android.system.suspend-service.rc...
[    2.183309] init: Parsing file /system/etc/init/apexd.rc...
[    2.183402] init: Parsing file /system/etc/init/atrace.rc...
[    2.184261] init: Parsing file /system/etc/init/atrace_userdebug.rc...
[    2.184402] init: Parsing file /system/etc/init/audioserver.rc...
[    2.184688] init: Parsing file /system/etc/init/blank_screen.rc...
[    2.184786] init: Parsing file /system/etc/init/bootanim.rc...
[    2.184872] init: Parsing file /system/etc/init/bootstat-debug.rc...
[    2.184947] init: Parsing file /system/etc/init/bootstat.rc...
[    2.185204] init: Parsing file /system/etc/init/cameraserver.rc...
[    2.185329] init: Parsing file /system/etc/init/clean_scratch_files.rc...
[    2.185412] init: Parsing file /system/etc/init/cppreopts.rc...
[    2.185655] init: Parsing file /system/etc/init/credstore.rc...
[    2.185755] init: Parsing file /system/etc/init/dmesgd.rc...
[    2.185856] init: Parsing file /system/etc/init/drmserver.rc...
[    2.185959] init: Parsing file /system/etc/init/dumpstate.rc...
[    2.186076] init: Parsing file /system/etc/init/flags_health_check.rc...
[    2.186166] init: Parsing file /system/etc/init/gatekeeperd.rc...
[    2.186245] init: Parsing file /system/etc/init/gpuservice.rc...
[    2.186332] init: Parsing file /system/etc/init/gsid.rc...
[    2.186441] init: Parsing file /system/etc/init/heapprofd.rc...
[    2.186550] init: Parsing file /system/etc/init/idmap2d.rc...
[    2.186631] init: Parsing file /system/etc/init/incidentd.rc...
[    2.186841] init: Parsing file /system/etc/init/init-debug.rc...
[    2.186951] init: Parsing file /system/etc/init/installd.rc...
[    2.187235] init: Parsing file /system/etc/init/kcmdlinectrl.rc...
[    2.187338] init: Parsing file /system/etc/init/keystore2.rc...
[    2.187428] init: Parsing file /system/etc/init/llkd-debuggable.rc...
[    2.187520] init: Parsing file /system/etc/init/llkd.rc...
[    2.187624] init: Parsing file /system/etc/init/lmkd.rc...
[    2.187774] init: Parsing file /system/etc/init/logcatd.rc...
[    2.187892] init: Parsing file /system/etc/init/logd.rc...
[    2.188008] init: Parsing file /system/etc/init/logtagd.rc...
[    2.188125] init: Parsing file /system/etc/init/lpdumpd.rc...
[    2.188357] init: Parsing file /system/etc/init/mdnsd.rc...
[    2.188455] init: Parsing file /system/etc/init/mediaextractor.rc...
[    2.188542] init: Parsing file /system/etc/init/mediametrics.rc...
[    2.188628] init: Parsing file /system/etc/init/mediaserver.rc...
[    2.188719] init: Parsing file /system/etc/init/misctrl.rc...
[    2.188808] init: Parsing file /system/etc/init/mtectrl.rc...
[    2.188932] init: Parsing file /system/etc/init/netbpfload.rc...
[    2.189176] init: Parsing file /system/etc/init/netd.rc...
[    2.189385] init: Parsing file /system/etc/init/odsign.rc...
[    2.189482] init: Parsing file /system/etc/init/otapreopt.rc...
[    2.189563] init: Parsing file /system/etc/init/perfetto.rc...
[    2.189885] init: Parsing file /system/etc/init/prng_seeder.rc...
[    2.189990] init: Parsing file /system/etc/init/profcollectd.rc...
[    2.190107] init: Parsing file /system/etc/init/recovery-persist.rc...
[    2.190184] init: Parsing file /system/etc/init/recovery-refresh.rc...
[    2.190259] init: Parsing file /system/etc/init/rss_hwm_reset.rc...
[    2.190450] init: Parsing file /system/etc/init/servicemanager.rc...
[    2.190551] init: Parsing file /system/etc/init/simpleperf.rc...
[    2.190630] init: Parsing file /system/etc/init/snapuserd.rc...
[    2.190730] init: Parsing file /system/etc/init/storaged.rc...
[    2.190814] init: Parsing file /system/etc/init/surfaceflinger.rc...
[    2.190902] init: Parsing file /system/etc/init/tombstoned.rc...
[    2.190990] init: Parsing file /system/etc/init/traced_perf.rc...
[    2.191117] init: Parsing file /system/etc/init/uncrypt.rc...
[    2.191212] init: Parsing file /system/etc/init/update_engine.rc...
[    2.191301] init: Parsing file /system/etc/init/update_verifier.rc...
[    2.191381] init: Parsing file /system/etc/init/usbd.rc...
[    2.191451] init: Parsing file /system/etc/init/virtual_camera.hal.rc...
[    2.191539] init: Parsing file /system/etc/init/vold.rc...
[    2.191616] init: Parsing file /system/etc/init/wifi.rc...
[    2.191906] init: Parsing file /system/etc/init/wificond.rc...
[    2.192021] init: Parsing directory /system_ext/etc/init...
[    2.192105] init: Parsing file /system_ext/etc/init/aidl_lazy_cb_test_server.rc...
[    2.192195] init: Parsing file /system_ext/etc/init/aidl_lazy_test_server.rc...
[    2.192405] init: Parsing file /system_ext/etc/init/android.hardware.audio.parameter_parser.example_service.rc...
[    2.192517] init: Parsing file /system_ext/etc/init/android.hidl.allocator@1.0-service.rc...
[    2.192624] init: Parsing file /system_ext/etc/init/custom_vm_setup.rc...
[    2.192716] init: Parsing file /system_ext/etc/init/hwservicemanager.rc...
[    2.192811] init: Parsing directory /vendor/etc/init...
[    2.192873] init: Parsing file /vendor/etc/init/boringssl_self_test.rc...
[    2.193077] init: Added '/vendor/etc/boringssl_self_test.zygote64_32.rc' to import list
[    2.193289] init: Parsing file /vendor/etc/boringssl_self_test.zygote64_32.rc...
[    2.193642] init: Parsing file /vendor/etc/init/init.cutf_cvm.rc...
[    2.193984] init: Parsing file /vendor/etc/init/init_graphics.vendor.rc...
[    2.194103] init: Parsing file /vendor/etc/init/seriallogging.rc...
[    2.194287] init: Parsing file /odm/etc/init...
[    2.194349] init: Unable to read config file '/odm/etc/init': open() failed: No such file or directory
[    2.194431] init: Parsing directory /product/etc/init...
[    2.194488] init: Parsing file /product/etc/init/init.rc...
[    2.195172] init: processing action (SetupCgroups) from (<Builtin Action>:0)
[    2.201256] init: processing action (SetKptrRestrict) from (<Builtin Action>:0)
[    2.201497] init: processing action (TestPerfEventSelinux) from (<Builtin Action>:0)
[    2.201809] init: processing action (early-init) from (/system/etc/init/hw/init.rc:15)
[    2.202309] init: Command 'mkdir /acct/uid' action=early-init (/system/etc/init/hw/init.rc:30) took 0ms and failed: mkdir() failed on /acct/uid: Read-only file system
[    2.204207] init: starting service 'ueventd'...
[    2.212215] init: ... started service 'ueventd' has pid 97
[    2.212874] init: starting service 'apexd-bootstrap'...
[    2.215579] init: ... started service 'apexd-bootstrap' has pid 98
[    2.215722] init: SVC_EXEC service 'apexd-bootstrap' pid 98 (uid 0 gid 1000+0 context default) started; waiting...
[    2.219481] ueventd: ueventd started!
[    2.220976] selinux: SELinux: Loaded file context from:
[    2.221059] selinux: 		/system/etc/selinux/plat_file_contexts
[    2.221136] selinux: 		/system_ext/etc/selinux/system_ext_file_contexts
[    2.221194] selinux: 		/product/etc/selinux/product_file_contexts
[    2.221249] selinux: 		/vendor/etc/selinux/vendor_file_contexts
[    2.221710] ueventd: Parsing file /system/etc/ueventd.rc...
[    2.221802] ueventd: Added '/vendor/etc/ueventd.rc' to import list
[    2.221864] ueventd: Added '/odm/etc/ueventd.rc' to import list
[    2.222276] ueventd: Parsing file /vendor/etc/ueventd.rc...
[    2.222454] ueventd: Parsing file /odm/etc/ueventd.rc...
[    2.222552] ueventd: Unable to read config file '/odm/etc/ueventd.rc': open() failed: No such file or directory
[    2.244346] apexd: Started. subcommand = --bootstrap
[    2.244928] cutils-trace: Error opening trace file: No such file or directory (2)
[    2.245125] apexd-bootstrap: Scanning /system/apex for pre-installed ApexFiles
[    2.245447] apexd-bootstrap: Found pre-installed APEX /system/apex/com.android.adbd.capex
[    2.247595] apexd-bootstrap: Found pre-installed APEX /system/apex/com.android.adservices.capex
[    2.249301] apexd-bootstrap: Found pre-installed APEX /system/apex/com.android.apex.cts.shim.apex
[    2.250250] apexd-bootstrap: Found pre-installed APEX /system/apex/com.android.appsearch.capex
[    2.251618] apexd-bootstrap: Found pre-installed APEX /system/apex/com.android.art.capex
[    2.252909] apexd-bootstrap: Found pre-installed APEX /system/apex/com.android.btservices.apex
[    2.253862] apexd-bootstrap: Found pre-installed APEX /system/apex/com.android.cellbroadcast.capex
[    2.255289] apexd-bootstrap: Found pre-installed APEX /system/apex/com.android.configinfrastructure.capex
[    2.256643] apexd-bootstrap: Found pre-installed APEX /system/apex/com.android.conscrypt.capex
[    2.257700] apexd-bootstrap: Found pre-installed APEX /system/apex/com.android.crashrecovery.capex
[    2.258791] apexd-bootstrap: Found pre-installed APEX /system/apex/com.android.devicelock.apex
[    2.259687] apexd-bootstrap: Found pre-installed APEX /system/apex/com.android.extservices.capex
[    2.261161] apexd-bootstrap: Found pre-installed APEX /system/apex/com.android.healthfitness.apex
[    2.262006] apexd-bootstrap: Found pre-installed APEX /system/apex/com.android.i18n.apex
[    2.262852] apexd-bootstrap: Found pre-installed APEX /system/apex/com.android.ipsec.capex
[    2.264175] apexd-bootstrap: Found pre-installed APEX /system/apex/com.android.media.capex
[    2.267777] apexd-bootstrap: Found pre-installed APEX /system/apex/com.android.media.swcodec.capex
[    2.291122] ueventd (99) used greatest stack depth: 13680 bytes left
[    2.308105] apexd-bootstrap: Found pre-installed APEX /system/apex/com.android.mediaprovider.capex
[    2.309720] apexd-bootstrap: Found pre-installed APEX /system/apex/com.android.neuralnetworks.capex
[    2.311115] apexd-bootstrap: Found pre-installed APEX /system/apex/com.android.nfcservices.apex
[    2.312124] apexd-bootstrap: Found pre-installed APEX /system/apex/com.android.ondevicepersonalization.capex
[    2.313502] apexd-bootstrap: Found pre-installed APEX /system/apex/com.android.os.statsd.apex
[    2.314350] apexd-bootstrap: Found pre-installed APEX /system/apex/com.android.permission.capex
[    2.315766] apexd-bootstrap: Found pre-installed APEX /system/apex/com.android.profiling.capex
[    2.317012] apexd-bootstrap: Found pre-installed APEX /system/apex/com.android.resolv.capex
[    2.318263] apexd-bootstrap: Found pre-installed APEX /system/apex/com.android.rkpd.apex
[    2.319087] apexd-bootstrap: Found pre-installed APEX /system/apex/com.android.runtime.apex
[    2.319912] apexd-bootstrap: Found pre-installed APEX /system/apex/com.android.scheduling.capex
[    2.321043] apexd-bootstrap: Found pre-installed APEX /system/apex/com.android.sdkext.apex
[    2.322578] apexd-bootstrap: Found pre-installed APEX /system/apex/com.android.tethering.capex
[    2.323511] apexd-bootstrap: Found pre-installed APEX /system/apex/com.android.tzdata.apex
[    2.324452] apexd-bootstrap: Found pre-installed APEX /system/apex/com.android.uwb.capex
[    2.325680] apexd-bootstrap: Found pre-installed APEX /system/apex/com.android.virt.apex
[    2.326636] apexd-bootstrap: Found pre-installed APEX /system/apex/com.android.wifi.capex
[    2.327956] apexd-bootstrap: Scanning /system_ext/apex for pre-installed ApexFiles
[    2.328092] apexd-bootstrap: Found pre-installed APEX /system_ext/apex/com.android.compos.apex
[    2.328806] apexd-bootstrap: Found pre-installed APEX /system_ext/apex/com.android.vndk.v30.apex
[    2.329469] apexd-bootstrap: Found pre-installed APEX /system_ext/apex/com.android.vndk.v31.apex
[    2.330110] apexd-bootstrap: Found pre-installed APEX /system_ext/apex/com.android.vndk.v32.apex
[    2.330803] apexd-bootstrap: Found pre-installed APEX /system_ext/apex/com.android.vndk.v33.apex
[    2.331473] apexd-bootstrap: Found pre-installed APEX /system_ext/apex/com.android.vndk.v34.apex
[    2.332133] apexd-bootstrap: Scanning /product/apex for pre-installed ApexFiles
[    2.332245] apexd-bootstrap: /product/apex does not exist. Skipping
[    2.332297] apexd-bootstrap: Scanning /vendor/apex for pre-installed ApexFiles
[    2.332439] apexd-bootstrap: Found pre-installed APEX /vendor/apex/com.android.hardware.audio.apex
[    2.333223] apexd-bootstrap: Found pre-installed APEX /vendor/apex/com.android.hardware.authsecret.apex
[    2.334013] apexd-bootstrap: Found pre-installed APEX /vendor/apex/com.android.hardware.biometrics.face.virtual.apex
[    2.334812] apexd-bootstrap: Found pre-installed APEX /vendor/apex/com.android.hardware.biometrics.fingerprint.virtual.apex
[    2.335660] apexd-bootstrap: Found pre-installed APEX /vendor/apex/com.android.hardware.boot.apex
[    2.336499] apexd-bootstrap: Found pre-installed APEX /vendor/apex/com.android.hardware.cas.apex
[    2.337268] apexd-bootstrap: Found pre-installed APEX /vendor/apex/com.android.hardware.contexthub.apex
[    2.338038] apexd-bootstrap: Found pre-installed APEX /vendor/apex/com.android.hardware.drm.clearkey.apex
[    2.338910] apexd-bootstrap: Found pre-installed APEX /vendor/apex/com.android.hardware.dumpstate.apex
[    2.339802] apexd-bootstrap: Found pre-installed APEX /vendor/apex/com.android.hardware.gatekeeper.cf_remote.apex
[    2.340719] apexd-bootstrap: Skipping APEX at path /vendor/apex/com.android.hardware.gatekeeper.cf_remote.apex because it does not match expected multi-install APEX property for com.android.hardware.gatekeeper
[    2.340869] apexd-bootstrap: Found pre-installed APEX /vendor/apex/com.android.hardware.gatekeeper.nonsecure.apex
[    2.341754] apexd-bootstrap: Found APEX at path /vendor/apex/com.android.hardware.gatekeeper.nonsecure.apex for multi-install APEX com.android.hardware.gatekeeper
[    2.341878] apexd-bootstrap: Found pre-installed APEX /vendor/apex/com.android.hardware.gnss.apex
[    2.342783] apexd-bootstrap: Found pre-installed APEX /vendor/apex/com.android.hardware.graphics.composer.ranchu.apex
[    2.344029] apexd-bootstrap: Found pre-installed APEX /vendor/apex/com.android.hardware.input.processor.apex
[    2.344963] apexd-bootstrap: Found pre-installed APEX /vendor/apex/com.android.hardware.keymint.rust_cf_remote.apex
[    2.345878] apexd-bootstrap: Skipping APEX at path /vendor/apex/com.android.hardware.keymint.rust_cf_remote.apex because it does not match expected multi-install APEX property for com.android.hardware.keymint
[    2.346028] apexd-bootstrap: Found pre-installed APEX /vendor/apex/com.android.hardware.keymint.rust_nonsecure.apex
[    2.346897] apexd-bootstrap: Found APEX at path /vendor/apex/com.android.hardware.keymint.rust_nonsecure.apex for multi-install APEX com.android.hardware.keymint
[    2.347027] apexd-bootstrap: Found pre-installed APEX /vendor/apex/com.android.hardware.memtrack.apex
[    2.347908] apexd-bootstrap: Found pre-installed APEX /vendor/apex/com.android.hardware.net.nlinterceptor.apex
[    2.348819] apexd-bootstrap: Found pre-installed APEX /vendor/apex/com.android.hardware.neuralnetworks.apex
[    2.349715] apexd-bootstrap: Found pre-installed APEX /vendor/apex/com.android.hardware.power.apex
[    2.350582] apexd-bootstrap: Found pre-installed APEX /vendor/apex/com.android.hardware.rebootescrow.apex
[    2.351429] apexd-bootstrap: Found pre-installed APEX /vendor/apex/com.android.hardware.secure_element.apex
[    2.352366] apexd-bootstrap: Found pre-installed APEX /vendor/apex/com.android.hardware.security.authgraph.apex
[    2.353253] apexd-bootstrap: Found pre-installed APEX /vendor/apex/com.android.hardware.security.secretkeeper.apex
[    2.354244] apexd-bootstrap: Found pre-installed APEX /vendor/apex/com.android.hardware.sensors.apex
[    2.355089] apexd-bootstrap: Found pre-installed APEX /vendor/apex/com.android.hardware.tetheroffload.apex
[    2.355980] apexd-bootstrap: Found pre-installed APEX /vendor/apex/com.android.hardware.thermal.apex
[    2.356830] apexd-bootstrap: Found pre-installed APEX /vendor/apex/com.android.hardware.threadnetwork.apex
[    2.357674] apexd-bootstrap: Found pre-installed APEX /vendor/apex/com.android.hardware.usb.apex
[    2.358545] apexd-bootstrap: Found pre-installed APEX /vendor/apex/com.android.hardware.uwb.apex
[    2.359425] apexd-bootstrap: Found pre-installed APEX /vendor/apex/com.android.hardware.vibrator.apex
[    2.360343] apexd-bootstrap: Found pre-installed APEX /vendor/apex/com.android.hardware.wifi.apex
[    2.361497] apexd-bootstrap: Found pre-installed APEX /vendor/apex/com.google.cf.bt.apex
[    2.362504] apexd-bootstrap: Found pre-installed APEX /vendor/apex/com.google.cf.confirmationui.apex
[    2.363561] apexd-bootstrap: Found pre-installed APEX /vendor/apex/com.google.cf.gralloc.apex
[    2.364528] apexd-bootstrap: Found pre-installed APEX /vendor/apex/com.google.cf.health.apex
[    2.365403] apexd-bootstrap: Found pre-installed APEX /vendor/apex/com.google.cf.health.storage.apex
[    2.366250] apexd-bootstrap: Found pre-installed APEX /vendor/apex/com.google.cf.identity.apex
[    2.367132] apexd-bootstrap: Found pre-installed APEX /vendor/apex/com.google.cf.input.config.apex
[    2.368031] apexd-bootstrap: Found pre-installed APEX /vendor/apex/com.google.cf.ir.apex
[    2.368931] apexd-bootstrap: Found pre-installed APEX /vendor/apex/com.google.cf.light.apex
[    2.369790] apexd-bootstrap: Found pre-installed APEX /vendor/apex/com.google.cf.nfc.apex
[    2.370636] apexd-bootstrap: Found pre-installed APEX /vendor/apex/com.google.cf.oemlock.apex
[    2.371524] apexd-bootstrap: Found pre-installed APEX /vendor/apex/com.google.cf.rild.apex
[    2.372413] apexd-bootstrap: Found pre-installed APEX /vendor/apex/com.google.cf.vulkan.apex
[    2.373282] apexd-bootstrap: Found pre-installed APEX /vendor/apex/com.google.cf.wifi.apex
[    2.374142] apexd-bootstrap: Found pre-installed APEX /vendor/apex/com.google.emulated.camera.provider.hal.apex
[    2.375037] apexd-bootstrap: Found APEX at path /vendor/apex/com.google.emulated.camera.provider.hal.apex for multi-install APEX com.google.emulated.camera.provider.hal
[    2.375152] apexd-bootstrap: Found pre-installed APEX /vendor/apex/com.google.emulated.camera.provider.hal.fastscenecycle.apex
[    2.376068] apexd-bootstrap: Skipping APEX at path /vendor/apex/com.google.emulated.camera.provider.hal.fastscenecycle.apex because it does not match expected multi-install APEX property for com.google.emulated.camera.provider.hal
[    2.376232] apexd-bootstrap: Scanning /odm/apex for pre-installed ApexFiles
[    2.376298] apexd-bootstrap: /odm/apex does not exist. Skipping
[    2.376426] apexd-bootstrap: Found bootstrap APEX /vendor/apex/com.google.cf.vulkan.apex
[    2.376492] apexd-bootstrap: Found bootstrap APEX /vendor/apex/com.google.cf.gralloc.apex
[    2.376557] apexd-bootstrap: Found bootstrap APEX /vendor/apex/com.android.hardware.keymint.rust_nonsecure.apex
[    2.376632] apexd-bootstrap: Found bootstrap APEX /vendor/apex/com.android.hardware.graphics.composer.ranchu.apex
[    2.376706] apexd-bootstrap: Found bootstrap APEX /vendor/apex/com.android.hardware.gatekeeper.nonsecure.apex
[    2.376780] apexd-bootstrap: Found bootstrap APEX /system/apex/com.android.virt.apex
[    2.376839] apexd-bootstrap: Found bootstrap APEX /vendor/apex/com.android.hardware.boot.apex
[    2.376908] apexd-bootstrap: Found bootstrap APEX /system/apex/com.android.runtime.apex
[    2.376974] apexd-bootstrap: Found bootstrap APEX /system/apex/com.android.i18n.apex
[    2.377033] apexd-bootstrap: Found bootstrap APEX /system/apex/com.android.tzdata.apex
[    2.377106] apexd-bootstrap: Need to pre-allocate 95 loop devices for 85 APEX packages
[    2.377197] apexd-bootstrap: No block apex metadata partition found, not adding block apexes
[    2.395988] apexd-bootstrap: Found 16 idle loopback devices that were pre-allocated by kernel. Allocated 79 more.
[    2.426890] loop0: detected capacity change from 0 to 11776
[    2.431171] loop1: detected capacity change from 0 to 13056
[    2.434295] loop2: detected capacity change from 0 to 19736
[    2.436321] EXT4-fs (loop0): mounted filesystem 7d1522e1-9dfa-5edb-a43e-98e3a4d20250 ro without journal. Quota mode: none.
[    2.436473] apexd-bootstrap: Successfully mounted package /vendor/apex/com.google.cf.gralloc.apex on /apex/com.google.cf.gralloc@1 duration=9
[    2.439797] loop3: detected capacity change from 0 to 8400
[    2.444426] apexd (187) used greatest stack depth: 12624 bytes left
[    2.445808] EXT4-fs (loop1): mounted filesystem 7d1522e1-9dfa-5edb-a43e-98e3a4d20250 ro without journal. Quota mode: none.
[    2.445948] apexd-bootstrap: Successfully mounted package /vendor/apex/com.android.hardware.graphics.composer.ranchu.apex on /apex/com.android.hardware.graphics.composer.ranchu@1 duration=14
[    2.446210] EXT4-fs (loop2): mounted filesystem 7d1522e1-9dfa-5edb-a43e-98e3a4d20250 ro without journal. Quota mode: none.
[    2.446351] apexd-bootstrap: Successfully mounted package /vendor/apex/com.android.hardware.keymint.rust_nonsecure.apex on /apex/com.android.hardware.keymint@1 duration=15
[    2.447153] EXT4-fs (loop3): mounted filesystem 7d1522e1-9dfa-5edb-a43e-98e3a4d20250 ro without journal. Quota mode: none.
[    2.447288] apexd-bootstrap: Successfully mounted package /vendor/apex/com.android.hardware.gatekeeper.nonsecure.apex on /apex/com.android.hardware.gatekeeper@1 duration=15
[    2.451691] loop4: detected capacity change from 0 to 162736
[    2.453573] loop5: detected capacity change from 0 to 880
[    2.455436] loop6: detected capacity change from 0 to 18344
[    2.459920] loop7: detected capacity change from 0 to 81192
[    2.462499] loop8: detected capacity change from 0 to 1648
[    2.465592] EXT4-fs (loop5): mounted filesystem 7d1522e1-9dfa-5edb-a43e-98e3a4d20250 ro without journal. Quota mode: none.
[    2.465801] apexd-bootstrap: Successfully mounted package /vendor/apex/com.android.hardware.boot.apex on /apex/com.android.hardware.boot@1 duration=33
[    2.466157] EXT4-fs (loop4): mounted filesystem 7d1522e1-9dfa-5edb-a43e-98e3a4d20250 ro without journal. Quota mode: none.
[    2.466348] apexd-bootstrap: Successfully mounted package /system/apex/com.android.virt.apex on /apex/com.android.virt@2 duration=33
[    2.467002] loop9: detected capacity change from 0 to 132976
[    2.472183] EXT4-fs (loop6): mounted filesystem 7d1522e1-9dfa-5edb-a43e-98e3a4d20250 ro without journal. Quota mode: none.
[    2.472412] apexd-bootstrap: Successfully mounted package /system/apex/com.android.runtime.apex on /apex/com.android.runtime@1 duration=39
[    2.475168] EXT4-fs (loop8): mounted filesystem 7d1522e1-9dfa-5edb-a43e-98e3a4d20250 ro without journal. Quota mode: none.
[    2.475396] apexd-bootstrap: Successfully mounted package /system/apex/com.android.tzdata.apex on /apex/com.android.tzdata@350090000 duration=42
[    2.475632] EXT4-fs (loop9): mounted filesystem 7d1522e1-9dfa-5edb-a43e-98e3a4d20250 ro without journal. Quota mode: none.
[    2.475796] apexd-bootstrap: Successfully mounted package /vendor/apex/com.google.cf.vulkan.apex on /apex/com.google.cf.vulkan@1 duration=49
[    2.484319] EXT4-fs (loop7): mounted filesystem 7d1522e1-9dfa-5edb-a43e-98e3a4d20250 ro without journal. Quota mode: none.
[    2.484517] apexd-bootstrap: Successfully mounted package /system/apex/com.android.i18n.apex on /apex/com.android.i18n@1 duration=51
[    2.485443] apexd (188) used greatest stack depth: 12336 bytes left
[    2.485974] apexd-bootstrap: Activated 10 packages.
[    2.491070] SELinux: SELinux: Loaded file context from:
[    2.491247] SELinux: 		/system/etc/selinux/plat_file_contexts
[    2.491334] SELinux: 		/system_ext/etc/selinux/system_ext_file_contexts
[    2.491412] SELinux: 		/product/etc/selinux/product_file_contexts
[    2.491487] SELinux: 		/vendor/etc/selinux/vendor_file_contexts
[    2.494169] apexd-bootstrap: OnBootstrap done, duration=249
[    2.496165] apexd (98) used greatest stack depth: 12216 bytes left
[    2.519889] init: Service 'apexd-bootstrap' (pid 98) exited with status 0 waiting took 0.306000 seconds
[    2.520032] init: Sending signal 9 to service 'apexd-bootstrap' (pid 98) process group...
[    2.520254] libprocessgroup: Removed cgroup /sys/fs/cgroup/uid_0/pid_98
[    2.573175] init: Parsing file /apex/com.android.hardware.boot/etc/android.hardware.boot-service.default.rc...
[    2.573480] init: Parsing file /apex/com.android.hardware.gatekeeper/etc/android.hardware.gatekeeper-service.nonsecure.rc...
[    2.573729] init: Parsing file /apex/com.android.hardware.graphics.composer.ranchu/etc/hwc3-apex.rc...
[    2.573959] init: Parsing file /apex/com.android.hardware.keymint/etc/android.hardware.security.keymint-service.nonsecure.apex.rc...
[    2.574218] init: Parsing file /apex/com.android.virt/etc/vfio_handler.rc...
[    2.574466] init: Parsing file /apex/com.android.virt/etc/virtualizationservice.rc...
[    2.574714] init: Parsing file /apex/com.android.virt/etc/vmnic.rc...
[    2.574953] ueventd: Coldboot took 0.352 seconds
[    2.574971] init: Parsing file /apex/com.google.cf.gralloc/etc/com.google.cf.gralloc.rc...
[    2.575438] init: Parsing file /apex/com.google.cf.vulkan/etc/com.google.cf.vulkan.rc...
[    2.624504] init: linkerconfig generated /linkerconfig with mounted APEX modules info
[    2.624636] init: Command 'perform_apex_config --bootstrap' action=early-init (/system/etc/init/hw/init.rc:77) took 57ms and succeeded
[    2.626600] init: processing action (early-init) from (/init.environ.rc:2)
[    2.626778] init: processing action (ro.product.debugfs_restrictions.enabled=true && early-init) from (/system/etc/init/init-debug.rc:10)
[    2.627241] init: processing action (early-init) from (/system/etc/init/prng_seeder.rc:5)
[    2.627601] init: starting service 'prng_seeder'...
[    2.627849] init: Created socket '/dev/socket/prng_seeder', mode 666, user 1092, group 1092
[    2.630193] init: ... started service 'prng_seeder' has pid 209
[    2.630336] init: processing action (ro.product.cpu.abilist32=* && early-init) from (/vendor/etc/boringssl_self_test.zygote64_32.rc:1)
[    2.630816] init: starting service 'boringssl_self_test32_vendor'...
[    2.635159] init: ... started service 'boringssl_self_test32_vendor' has pid 210
[    2.635914] init: SVC_EXEC service 'boringssl_self_test32_vendor' pid 210 (uid 0 gid 0+0 context default) started; waiting...
[    2.709714] init: Service 'boringssl_self_test32_vendor' (pid 210) exited with status 0 waiting took 0.077000 seconds
[    2.709847] init: Sending signal 9 to service 'boringssl_self_test32_vendor' (pid 210) process group...
[    2.710026] libprocessgroup: Removed cgroup /sys/fs/cgroup/uid_0/pid_210
[    2.710343] init: processing action (ro.product.cpu.abilist64=* && early-init) from (/vendor/etc/boringssl_self_test.zygote64_32.rc:3)
[    2.710635] init: starting service 'boringssl_self_test64_vendor'...
[    2.712556] init: ... started service 'boringssl_self_test64_vendor' has pid 211
[    2.712671] init: SVC_EXEC service 'boringssl_self_test64_vendor' pid 211 (uid 0 gid 0+0 context default) started; waiting...
[    2.740735] boringssl_self_ (211) used greatest stack depth: 11872 bytes left
[    2.740894] init: Service 'boringssl_self_test64_vendor' (pid 211) exited with status 0 waiting took 0.029000 seconds
[    2.740987] init: Sending signal 9 to service 'boringssl_self_test64_vendor' (pid 211) process group...
[    2.741152] libprocessgroup: Removed cgroup /sys/fs/cgroup/uid_0/pid_211
[    2.741484] init: processing action (early-init) from (/vendor/etc/init/init.cutf_cvm.rc:1)
[    2.744438] init: starting service 'vendor.dlkm_loader'...
[    2.746526] init: ... started service 'vendor.dlkm_loader' has pid 212
[    2.747086] init: starting service 'exec 1 (/system/bin/modprobe -a -d /system/lib/modules zram.ko)'...
[    2.749304] init: ... started service 'exec 1 (/system/bin/modprobe -a -d /system/lib/modules zram.ko)' has pid 213
[    2.750374] init: SVC_EXEC service 'exec 1 (/system/bin/modprobe -a -d /system/lib/modules zram.ko)' pid 213 (uid 0 gid 0+0 context u:r:modprobe:s0) started; waiting...
[    2.761889] dlkm_loader: dlkm loader successfully initialized
[    2.762396] zram: Added device: zram0
[    2.763092] init: Service 'exec 1 (/system/bin/modprobe -a -d /system/lib/modules zram.ko)' (pid 213) exited with status 0 waiting took 0.014000 seconds
[    2.763218] init: Sending signal 9 to service 'exec 1 (/system/bin/modprobe -a -d /system/lib/modules zram.ko)' (pid 213) process group...
[    2.763400] libprocessgroup: Removed cgroup /sys/fs/cgroup/uid_0/pid_213
[    2.763520] init: processing action (early-init) from (/vendor/etc/init/init.cutf_cvm.rc:121)
[    2.763995] init: processing action (early-init) from (/vendor/etc/init/init_graphics.vendor.rc:1)
[    2.765008] init: Command 'setprop ro.vendor.hwcomposer.mode ${ro.boot.hardware.hwcomposer.mode}' action=early-init (/vendor/etc/init/init_graphics.vendor.rc:11) took 0ms and failed: property 'ro.boot.hardware.hwcomposer.mode' doesn't exist while expanding '${ro.boot.hardware.hwcomposer.mode}'
[    2.765739] init: Command 'setprop debug.angle.feature_overrides_disabled ${ro.boot.hardware.angle_feature_overrides_disabled}' action=early-init (/vendor/etc/init/init_graphics.vendor.rc:16) took 0ms and failed: property 'ro.boot.hardware.angle_feature_overrides_disabled' doesn't exist while expanding '${ro.boot.hardware.angle_feature_overrides_disabled}'
[    2.765989] init: processing action (ConnectEarlyStageSnapuserd) from (<Builtin Action>:0)
[    2.766073] init: processing action (wait_for_coldboot_done) from (<Builtin Action>:0)
[    2.766140] init: start_waiting_for_property("ro.cold_boot_done", "true"): already set
[    2.766218] init: processing action (SetMmapRndBits) from (<Builtin Action>:0)
[    2.766405] init: processing action (KeychordInit) from (<Builtin Action>:0)
[    2.766523] init: EVIOCSMASK not supported: Invalid argument
[    2.766900] init: processing action (init) from (/system/etc/init/hw/init.rc:101)
[    2.768828] dlkm_loader: Loading module /system/lib/modules/rfkill.ko with args ''
[    2.770266] dlkm_loader: Loading module /system/lib/modules/bluetooth.ko with args ''
[    2.772065] init: Command 'write /dev/blkio/blkio.weight 1000' action=init (/system/etc/init/hw/init.rc:251) took 0ms and failed: Unable to write to file '/dev/blkio/blkio.weight': open() failed: Permission denied
[    2.772343] init: Command 'write /dev/blkio/background/blkio.weight 200' action=init (/system/etc/init/hw/init.rc:252) took 0ms and failed: Unable to write to file '/dev/blkio/background/blkio.weight': open() failed: Permission denied
[    2.772716] init: Command 'write /dev/blkio/blkio.group_idle 0' action=init (/system/etc/init/hw/init.rc:254) took 0ms and failed: Unable to write to file '/dev/blkio/blkio.group_idle': open() failed: Permission denied
[    2.772964] init: Command 'write /dev/blkio/background/blkio.group_idle 0' action=init (/system/etc/init/hw/init.rc:255) took 0ms and failed: Unable to write to file '/dev/blkio/background/blkio.group_idle': open() failed: Permission denied
[    2.783753] init: Command 'write /dev/cpu_variant:${ro.bionic.arch} ${ro.bionic.cpu_variant}' action=init (/system/etc/init/hw/init.rc:468) took 0ms and failed: property 'ro.bionic.cpu_variant' doesn't exist while expanding '${ro.bionic.cpu_variant}'
[    2.784000] init: Command 'write /dev/cpu_variant:${ro.bionic.2nd_arch} ${ro.bionic.2nd_cpu_variant}' action=init (/system/etc/init/hw/init.rc:470) took 0ms and failed: property 'ro.bionic.2nd_cpu_variant' doesn't exist while expanding '${ro.bionic.2nd_cpu_variant}'
[    2.784424] init: starting service 'logd'...
[    2.784643] init: Created socket '/dev/socket/logd', mode 666, user 1036, group 1036
[    2.784814] init: Created socket '/dev/socket/logdr', mode 666, user 1036, group 1036
[    2.784983] init: Created socket '/dev/socket/logdw', mode 222, user 1036, group 1036
[    2.789022] init: ... started service 'logd' has pid 214
[    2.789407] init: starting service 'lmkd'...
[    2.789608] init: Created socket '/dev/socket/lmkd', mode 660, user 1000, group 1000
[    2.795206] Bluetooth: Core ver 2.22
[    2.795326] NET: Registered PF_BLUETOOTH protocol family
[    2.795385] Bluetooth: HCI device and connection manager initialized
[    2.795442] Bluetooth: HCI socket layer initialized
[    2.795481] Bluetooth: L2CAP socket layer initialized
[    2.795536] Bluetooth: SCO socket layer initialized
[    2.795891] init: ... started service 'lmkd' has pid 215
[    2.798276] init: starting service 'servicemanager'...
[    2.799514] dlkm_loader: Loaded kernel module /system/lib/modules/bluetooth.ko
[    2.799709] dlkm_loader: Loading module /vendor/lib/modules/btintel.ko with args ''
[    2.801045] dlkm_loader: Loaded kernel module /vendor/lib/modules/btintel.ko
[    2.801276] dlkm_loader: Loading module /vendor/lib/modules/btrtl.ko with args ''
[    2.802052] init: ... started service 'servicemanager' has pid 216
[    2.802398] init: starting service 'hwservicemanager'...
[    2.803778] dlkm_loader: Loaded kernel module /vendor/lib/modules/btrtl.ko
[    2.804103] dlkm_loader: Loading module /system/lib/modules/btbcm.ko with args ''
[    2.806027] dlkm_loader: Loaded kernel module /system/lib/modules/btbcm.ko
[    2.806153] dlkm_loader: Loading module /vendor/lib/modules/btusb.ko with args ''
[    2.810378] init: ... started service 'hwservicemanager' has pid 218
[    2.810510] init: Command 'start vndservicemanager' action=init (/system/etc/init/hw/init.rc:496) took 0ms and failed: service vndservicemanager not found
[    2.810655] init: processing action (ro.debuggable=1 && init) from (/system/etc/init/hw/init.rc:1342)
[    2.810773] init: starting service 'console'...
[    2.816643] usbcore: registered new interface driver btusb
[    2.816796] dlkm_loader: Loaded kernel module /vendor/lib/modules/btusb.ko
[    2.817083] dlkm_loader: Loading module /vendor/lib/modules/dummy-cpufreq.ko with args ''
[    2.818684] init: ... started service 'console' has pid 219
[    2.818800] init: processing action (init) from (/system/etc/init/hw/init.usb.rc:28)
[    2.823750] init: processing action (ro.product.cpu.abilist32=* && init) from (/system/etc/init/hw/init.boringssl.zygote64_32.rc:1)
[    2.824105] dlkm_loader: Loaded kernel module /vendor/lib/modules/dummy-cpufreq.ko
[    2.824159] init: starting service 'boringssl_self_test32'...
[    2.824366] dlkm_loader: Loading module /vendor/lib/modules/dummy_hcd.ko with args ''
[    2.825509] dummy_hcd dummy_hcd.0: USB Host+Gadget Emulator, driver 02 May 2005
[    2.825651] dummy_hcd dummy_hcd.0: Dummy host controller
[    2.825707] dummy_hcd dummy_hcd.0: new USB bus registered, assigned bus number 1
[    2.830759] usb usb1: New USB device found, idVendor=1d6b, idProduct=0002, bcdDevice= 6.06
[    2.830913] usb usb1: New USB device strings: Mfr=3, Product=2, SerialNumber=1
[    2.830994] usb usb1: Product: Dummy host controller
[    2.831048] usb usb1: Manufacturer: Linux 6.6.30-android15-8-g94c1a24cabd5-ab12293704 dummy_hcd
[    2.831132] usb usb1: SerialNumber: dummy_hcd.0
[    2.832972] hub 1-0:1.0: USB hub found
[    2.833056] hub 1-0:1.0: 1 port detected
[    2.833406] dlkm_loader: Loaded kernel module /vendor/lib/modules/dummy_hcd.ko
[    2.833604] dlkm_loader: Loading module /vendor/lib/modules/goldfish_address_space.ko with args ''
[    2.834001] goldfish_address_space: loading out-of-tree module taints kernel.
[    2.834355] dlkm_loader: Loaded kernel module /vendor/lib/modules/goldfish_address_space.ko
[    2.834544] dlkm_loader: Loading module /vendor/lib/modules/goldfish_battery.ko with args ''
[    2.835261] dlkm_loader: Loaded kernel module /vendor/lib/modules/goldfish_battery.ko
[    2.835509] dlkm_loader: Loading module /vendor/lib/modules/goldfish_pipe.ko with args ''
[    2.836112] dlkm_loader: Loaded kernel module /vendor/lib/modules/goldfish_pipe.ko
[    2.836320] dlkm_loader: Loading module /vendor/lib/modules/goldfish_sync.ko with args ''
[    2.836950] dlkm_loader: Loaded kernel module /vendor/lib/modules/goldfish_sync.ko
[    2.837226] dlkm_loader: Loading module /system/lib/modules/can-dev.ko with args ''
[    2.839061] CAN device driver interface
[    2.839200] dlkm_loader: Loaded kernel module /system/lib/modules/can-dev.ko
[    2.839303] dlkm_loader: Loading module /vendor/lib/modules/gs_usb.ko with args ''
[    2.840131] usbcore: registered new interface driver gs_usb
[    2.840247] dlkm_loader: Loaded kernel module /vendor/lib/modules/gs_usb.ko
[    2.840418] dlkm_loader: Loading module /vendor/lib/modules/hci_vhci.ko with args ''
[    2.841298] dlkm_loader: Loaded kernel module /vendor/lib/modules/hci_vhci.ko
[    2.841576] dlkm_loader: Loading module /vendor/lib/modules/mt76.ko with args ''
[    2.842410] init: ... started service 'boringssl_self_test32' has pid 223
[    2.842510] init: SVC_EXEC service 'boringssl_self_test32' pid 223 (uid 9999 gid 0+0 context default) started; waiting...
[    2.842608] init: Service 'console' (pid 219) exited with status 0
[    2.842676] init: Sending signal 9 to service 'console' (pid 219) process group...
[    2.842844] libprocessgroup: Removed cgroup /sys/fs/cgroup/uid_2000/pid_219
[    2.844987] dlkm_loader: Loaded kernel module /vendor/lib/modules/mt76.ko
[    2.845122] dlkm_loader: Loading module /vendor/lib/modules/mt76-usb.ko with args ''
[    2.846453] dlkm_loader: Loaded kernel module /vendor/lib/modules/mt76-usb.ko
[    2.846768] dlkm_loader: Loading module /vendor/lib/modules/mt76x02-lib.ko with args ''
[    2.849476] dlkm_loader: Loaded kernel module /vendor/lib/modules/mt76x02-lib.ko
[    2.849629] dlkm_loader: Loading module /vendor/lib/modules/mt76x0-common.ko with args ''
[    2.851005] dlkm_loader: Loaded kernel module /vendor/lib/modules/mt76x0-common.ko
[    2.851094] servicemanager: Starting sm instance on /dev/binder
